Apache Maven 3.9.9 (8e8579a9e76f7d015ee5ec7bfcdc97d260186937)
Maven home: C:\Users\pc\.m2\wrapper\dists\apache-maven-3.9.9\977a63e90f436cd6ade95b4c0e10c20c
Java version: 21.0.4, vendor: Oracle Corporation, runtime: D:\develop\Java\jdk-21
Default locale: zh_CN, platform encoding: UTF-8
OS name: "windows 10", version: "10.0", arch: "amd64", family: "windows"
[DEBUG] Created new class realm maven.api
[DEBUG] Importing foreign packages into class realm maven.api
[DEBUG]   Imported: javax.annotation.* < plexus.core
[DEBUG]   Imported: javax.annotation.security.* < plexus.core
[DEBUG]   Imported: javax.inject.* < plexus.core
[DEBUG]   Imported: org.apache.maven.* < plexus.core
[DEBUG]   Imported: org.apache.maven.artifact < plexus.core
[DEBUG]   Imported: org.apache.maven.classrealm < plexus.core
[DEBUG]   Imported: org.apache.maven.cli < plexus.core
[DEBUG]   Imported: org.apache.maven.configuration < plexus.core
[DEBUG]   Imported: org.apache.maven.exception < plexus.core
[DEBUG]   Imported: org.apache.maven.execution < plexus.core
[DEBUG]   Imported: org.apache.maven.execution.scope < plexus.core
[DEBUG]   Imported: org.apache.maven.graph < plexus.core
[DEBUG]   Imported: org.apache.maven.lifecycle < plexus.core
[DEBUG]   Imported: org.apache.maven.model < plexus.core
[DEBUG]   Imported: org.apache.maven.monitor < plexus.core
[DEBUG]   Imported: org.apache.maven.plugin < plexus.core
[DEBUG]   Imported: org.apache.maven.profiles < plexus.core
[DEBUG]   Imported: org.apache.maven.project < plexus.core
[DEBUG]   Imported: org.apache.maven.reporting < plexus.core
[DEBUG]   Imported: org.apache.maven.repository < plexus.core
[DEBUG]   Imported: org.apache.maven.rtinfo < plexus.core
[DEBUG]   Imported: org.apache.maven.settings < plexus.core
[DEBUG]   Imported: org.apache.maven.toolchain < plexus.core
[DEBUG]   Imported: org.apache.maven.usability < plexus.core
[DEBUG]   Imported: org.apache.maven.wagon.* < plexus.core
[DEBUG]   Imported: org.apache.maven.wagon.authentication < plexus.core
[DEBUG]   Imported: org.apache.maven.wagon.authorization < plexus.core
[DEBUG]   Imported: org.apache.maven.wagon.events < plexus.core
[DEBUG]   Imported: org.apache.maven.wagon.observers < plexus.core
[DEBUG]   Imported: org.apache.maven.wagon.proxy < plexus.core
[DEBUG]   Imported: org.apache.maven.wagon.repository < plexus.core
[DEBUG]   Imported: org.apache.maven.wagon.resource < plexus.core
[DEBUG]   Imported: org.codehaus.classworlds < plexus.core
[DEBUG]   Imported: org.codehaus.plexus.* < plexus.core
[DEBUG]   Imported: org.codehaus.plexus.classworlds < plexus.core
[DEBUG]   Imported: org.codehaus.plexus.component < plexus.core
[DEBUG]   Imported: org.codehaus.plexus.configuration < plexus.core
[DEBUG]   Imported: org.codehaus.plexus.container < plexus.core
[DEBUG]   Imported: org.codehaus.plexus.context < plexus.core
[DEBUG]   Imported: org.codehaus.plexus.lifecycle < plexus.core
[DEBUG]   Imported: org.codehaus.plexus.logging < plexus.core
[DEBUG]   Imported: org.codehaus.plexus.personality < plexus.core
[DEBUG]   Imported: org.codehaus.plexus.util.xml.Xpp3Dom < plexus.core
[DEBUG]   Imported: org.codehaus.plexus.util.xml.pull.XmlPullParser < plexus.core
[DEBUG]   Imported: org.codehaus.plexus.util.xml.pull.XmlPullParserException < plexus.core
[DEBUG]   Imported: org.codehaus.plexus.util.xml.pull.XmlSerializer < plexus.core
[DEBUG]   Imported: org.eclipse.aether.* < plexus.core
[DEBUG]   Imported: org.eclipse.aether.artifact < plexus.core
[DEBUG]   Imported: org.eclipse.aether.collection < plexus.core
[DEBUG]   Imported: org.eclipse.aether.deployment < plexus.core
[DEBUG]   Imported: org.eclipse.aether.graph < plexus.core
[DEBUG]   Imported: org.eclipse.aether.impl < plexus.core
[DEBUG]   Imported: org.eclipse.aether.installation < plexus.core
[DEBUG]   Imported: org.eclipse.aether.internal.impl < plexus.core
[DEBUG]   Imported: org.eclipse.aether.metadata < plexus.core
[DEBUG]   Imported: org.eclipse.aether.repository < plexus.core
[DEBUG]   Imported: org.eclipse.aether.resolution < plexus.core
[DEBUG]   Imported: org.eclipse.aether.spi < plexus.core
[DEBUG]   Imported: org.eclipse.aether.transfer < plexus.core
[DEBUG]   Imported: org.eclipse.aether.util < plexus.core
[DEBUG]   Imported: org.eclipse.aether.version < plexus.core
[DEBUG]   Imported: org.fusesource.jansi.* < plexus.core
[DEBUG]   Imported: org.slf4j.* < plexus.core
[DEBUG]   Imported: org.slf4j.event.* < plexus.core
[DEBUG]   Imported: org.slf4j.helpers.* < plexus.core
[DEBUG]   Imported: org.slf4j.spi.* < plexus.core
[DEBUG] Populating class realm maven.api
[DEBUG] Created adapter factory; available factories [file-lock, rwlock-local, semaphore-local, noop]; available name mappers [discriminating, file-gav, file-hgav, file-static, gav, static]
[INFO] Error stacktraces are turned on.
[DEBUG] Message scheme: color
[DEBUG] Message styles: debug info warning error success failure strong mojo project
[DEBUG] Reading global settings from C:\Users\pc\.m2\wrapper\dists\apache-maven-3.9.9\977a63e90f436cd6ade95b4c0e10c20c\conf\settings.xml
[DEBUG] Reading user settings from C:\Users\pc\.m2\settings.xml
[DEBUG] Reading global toolchains from C:\Users\pc\.m2\wrapper\dists\apache-maven-3.9.9\977a63e90f436cd6ade95b4c0e10c20c\conf\toolchains.xml
[DEBUG] Reading user toolchains from C:\Users\pc\.m2\toolchains.xml
[DEBUG] Using local repository at C:\Users\pc\.m2\repository
[DEBUG] Using manager EnhancedLocalRepositoryManager with priority 10.0 for C:\Users\pc\.m2\repository
[INFO] Scanning for projects...
[DEBUG] Creating adapter using nameMapper 'gav' and factory 'rwlock-local'
[DEBUG] Extension realms for project com.system.b:system-b:jar:0.0.1-SNAPSHOT: (none)
[DEBUG] Looking up lifecycle mappings for packaging jar from ClassRealm[plexus.core, parent: null]
[DEBUG] Extension realms for project org.springframework.boot:spring-boot-starter-parent:pom:3.2.4: (none)
[DEBUG] Looking up lifecycle mappings for packaging pom from ClassRealm[plexus.core, parent: null]
[DEBUG] Extension realms for project org.springframework.boot:spring-boot-dependencies:pom:3.2.4: (none)
[DEBUG] Looking up lifecycle mappings for packaging pom from ClassRealm[plexus.core, parent: null]
[DEBUG] === REACTOR BUILD PLAN ================================================
[DEBUG] Project: com.system.b:system-b:jar:0.0.1-SNAPSHOT
[DEBUG] Tasks:   [test]
[DEBUG] Style:   Regular
[DEBUG] =======================================================================
[INFO] 
[INFO] -----------------------< com.system.b:system-b >------------------------
[INFO] Building system-b 0.0.1-SNAPSHOT
[INFO]   from pom.xml
[INFO] --------------------------------[ jar ]---------------------------------
[DEBUG] Lifecycle clean -> [pre-clean, clean, post-clean]
[DEBUG] Lifecycle default -> [validate, initialize, generate-sources, process-sources, generate-resources, process-resources, compile, process-classes, generate-test-sources, process-test-sources, generate-test-resources, process-test-resources, test-compile, process-test-classes, test, prepare-package, package, pre-integration-test, integration-test, post-integration-test, verify, install, deploy]
[DEBUG] Lifecycle site -> [pre-site, site, post-site, site-deploy]
[DEBUG] Lifecycle clean -> [pre-clean, clean, post-clean]
[DEBUG] Lifecycle default -> [validate, initialize, generate-sources, process-sources, generate-resources, process-resources, compile, process-classes, generate-test-sources, process-test-sources, generate-test-resources, process-test-resources, test-compile, process-test-classes, test, prepare-package, package, pre-integration-test, integration-test, post-integration-test, verify, install, deploy]
[DEBUG] Lifecycle site -> [pre-site, site, post-site, site-deploy]
[DEBUG] Lifecycle clean -> [pre-clean, clean, post-clean]
[DEBUG] Lifecycle default -> [validate, initialize, generate-sources, process-sources, generate-resources, process-resources, compile, process-classes, generate-test-sources, process-test-sources, generate-test-resources, process-test-resources, test-compile, process-test-classes, test, prepare-package, package, pre-integration-test, integration-test, post-integration-test, verify, install, deploy]
[DEBUG] Lifecycle site -> [pre-site, site, post-site, site-deploy]
[DEBUG] Lifecycle clean -> [pre-clean, clean, post-clean]
[DEBUG] Lifecycle default -> [validate, initialize, generate-sources, process-sources, generate-resources, process-resources, compile, process-classes, generate-test-sources, process-test-sources, generate-test-resources, process-test-resources, test-compile, process-test-classes, test, prepare-package, package, pre-integration-test, integration-test, post-integration-test, verify, install, deploy]
[DEBUG] Lifecycle site -> [pre-site, site, post-site, site-deploy]
[DEBUG] Lifecycle clean -> [pre-clean, clean, post-clean]
[DEBUG] Lifecycle default -> [validate, initialize, generate-sources, process-sources, generate-resources, process-resources, compile, process-classes, generate-test-sources, process-test-sources, generate-test-resources, process-test-resources, test-compile, process-test-classes, test, prepare-package, package, pre-integration-test, integration-test, post-integration-test, verify, install, deploy]
[DEBUG] Lifecycle site -> [pre-site, site, post-site, site-deploy]
[DEBUG] Lifecycle clean -> [pre-clean, clean, post-clean]
[DEBUG] Lifecycle default -> [validate, initialize, generate-sources, process-sources, generate-resources, process-resources, compile, process-classes, generate-test-sources, process-test-sources, generate-test-resources, process-test-resources, test-compile, process-test-classes, test, prepare-package, package, pre-integration-test, integration-test, post-integration-test, verify, install, deploy]
[DEBUG] Lifecycle site -> [pre-site, site, post-site, site-deploy]
[DEBUG] === PROJECT BUILD PLAN ================================================
[DEBUG] Project:       com.system.b:system-b:0.0.1-SNAPSHOT
[DEBUG] Dependencies (collect): []
[DEBUG] Dependencies (resolve): [compile, test]
[DEBUG] Repositories (dependencies): [central (https://repo.maven.apache.org/maven2, default, releases)]
[DEBUG] Repositories (plugins)     : [central (https://repo.maven.apache.org/maven2, default, releases)]
[DEBUG] -----------------------------------------------------------------------
[DEBUG] Goal:          org.apache.maven.plugins:maven-resources-plugin:3.3.1:resources (default-resources)
[DEBUG] Style:         Regular
[DEBUG] Configuration: <?xml version="1.0" encoding="UTF-8"?>
<configuration>
  <addDefaultExcludes default-value="true"/>
  <buildFilters default-value="${project.build.filters}"/>
  <delimiters>
    <delimiter>@</delimiter>
  </delimiters>
  <encoding default-value="${project.build.sourceEncoding}"/>
  <escapeWindowsPaths default-value="true"/>
  <fileNameFiltering default-value="false"/>
  <includeEmptyDirs default-value="false"/>
  <outputDirectory default-value="${project.build.outputDirectory}"/>
  <overwrite default-value="false"/>
  <project default-value="${project}"/>
  <propertiesEncoding>UTF-8</propertiesEncoding>
  <resources default-value="${project.resources}"/>
  <session default-value="${session}"/>
  <skip default-value="false">${maven.resources.skip}</skip>
  <supportMultiLineFiltering default-value="false"/>
  <useBuildFilters default-value="true"/>
  <useDefaultDelimiters default-value="true">false</useDefaultDelimiters>
</configuration>
[DEBUG] -----------------------------------------------------------------------
[DEBUG] Goal:          org.apache.maven.plugins:maven-compiler-plugin:3.11.0:compile (default-compile)
[DEBUG] Style:         Regular
[DEBUG] Configuration: <?xml version="1.0" encoding="UTF-8"?>
<configuration>
  <basedir default-value="${basedir}"/>
  <buildDirectory default-value="${project.build.directory}"/>
  <compilePath default-value="${project.compileClasspathElements}"/>
  <compileSourceRoots default-value="${project.compileSourceRoots}"/>
  <compilerId default-value="javac">${maven.compiler.compilerId}</compilerId>
  <compilerReuseStrategy default-value="${reuseCreated}">${maven.compiler.compilerReuseStrategy}</compilerReuseStrategy>
  <compilerVersion>${maven.compiler.compilerVersion}</compilerVersion>
  <createMissingPackageInfoClass default-value="true">${maven.compiler.createMissingPackageInfoClass}</createMissingPackageInfoClass>
  <debug default-value="true">${maven.compiler.debug}</debug>
  <debugFileName default-value="javac"/>
  <debuglevel>${maven.compiler.debuglevel}</debuglevel>
  <enablePreview default-value="false">${maven.compiler.enablePreview}</enablePreview>
  <encoding default-value="${project.build.sourceEncoding}">${encoding}</encoding>
  <executable>${maven.compiler.executable}</executable>
  <failOnError default-value="true">${maven.compiler.failOnError}</failOnError>
  <failOnWarning default-value="false">${maven.compiler.failOnWarning}</failOnWarning>
  <forceJavacCompilerUse default-value="false">${maven.compiler.forceJavacCompilerUse}</forceJavacCompilerUse>
  <fork default-value="false">${maven.compiler.fork}</fork>
  <generatedSourcesDirectory default-value="${project.build.directory}/generated-sources/annotations"/>
  <implicit>${maven.compiler.implicit}</implicit>
  <maxmem>${maven.compiler.maxmem}</maxmem>
  <meminitial>${maven.compiler.meminitial}</meminitial>
  <mojoExecution default-value="${mojoExecution}"/>
  <optimize default-value="false">${maven.compiler.optimize}</optimize>
  <outputDirectory default-value="${project.build.outputDirectory}"/>
  <parameters default-value="false">true</parameters>
  <project default-value="${project}"/>
  <projectArtifact default-value="${project.artifact}"/>
  <release>${maven.compiler.release}</release>
  <session default-value="${session}"/>
  <showCompilationChanges default-value="false">${maven.compiler.showCompilationChanges}</showCompilationChanges>
  <showDeprecation default-value="false">${maven.compiler.showDeprecation}</showDeprecation>
  <showWarnings default-value="true">${maven.compiler.showWarnings}</showWarnings>
  <skipMain>${maven.main.skip}</skipMain>
  <skipMultiThreadWarning default-value="false">${maven.compiler.skipMultiThreadWarning}</skipMultiThreadWarning>
  <source default-value="1.8">17</source>
  <staleMillis default-value="0">${lastModGranularityMs}</staleMillis>
  <target default-value="1.8">17</target>
  <useIncrementalCompilation default-value="true">${maven.compiler.useIncrementalCompilation}</useIncrementalCompilation>
  <verbose default-value="false">${maven.compiler.verbose}</verbose>
</configuration>
[DEBUG] -----------------------------------------------------------------------
[DEBUG] Goal:          org.apache.maven.plugins:maven-resources-plugin:3.3.1:testResources (default-testResources)
[DEBUG] Style:         Regular
[DEBUG] Configuration: <?xml version="1.0" encoding="UTF-8"?>
<configuration>
  <addDefaultExcludes default-value="true"/>
  <buildFilters default-value="${project.build.filters}"/>
  <delimiters>
    <delimiter>@</delimiter>
  </delimiters>
  <encoding default-value="${project.build.sourceEncoding}"/>
  <escapeWindowsPaths default-value="true"/>
  <fileNameFiltering default-value="false"/>
  <includeEmptyDirs default-value="false"/>
  <outputDirectory default-value="${project.build.testOutputDirectory}"/>
  <overwrite default-value="false"/>
  <project default-value="${project}"/>
  <propertiesEncoding>UTF-8</propertiesEncoding>
  <resources default-value="${project.testResources}"/>
  <session default-value="${session}"/>
  <skip default-value="false">${maven.test.skip}</skip>
  <supportMultiLineFiltering default-value="false"/>
  <useBuildFilters default-value="true"/>
  <useDefaultDelimiters default-value="true">false</useDefaultDelimiters>
</configuration>
[DEBUG] -----------------------------------------------------------------------
[DEBUG] Goal:          org.apache.maven.plugins:maven-compiler-plugin:3.11.0:testCompile (default-testCompile)
[DEBUG] Style:         Regular
[DEBUG] Configuration: <?xml version="1.0" encoding="UTF-8"?>
<configuration>
  <basedir default-value="${basedir}"/>
  <buildDirectory default-value="${project.build.directory}"/>
  <compileSourceRoots default-value="${project.testCompileSourceRoots}"/>
  <compilerId default-value="javac">${maven.compiler.compilerId}</compilerId>
  <compilerReuseStrategy default-value="${reuseCreated}">${maven.compiler.compilerReuseStrategy}</compilerReuseStrategy>
  <compilerVersion>${maven.compiler.compilerVersion}</compilerVersion>
  <createMissingPackageInfoClass default-value="true">${maven.compiler.createMissingPackageInfoClass}</createMissingPackageInfoClass>
  <debug default-value="true">${maven.compiler.debug}</debug>
  <debugFileName default-value="javac-test"/>
  <debuglevel>${maven.compiler.debuglevel}</debuglevel>
  <enablePreview default-value="false">${maven.compiler.enablePreview}</enablePreview>
  <encoding default-value="${project.build.sourceEncoding}">${encoding}</encoding>
  <executable>${maven.compiler.executable}</executable>
  <failOnError default-value="true">${maven.compiler.failOnError}</failOnError>
  <failOnWarning default-value="false">${maven.compiler.failOnWarning}</failOnWarning>
  <forceJavacCompilerUse default-value="false">${maven.compiler.forceJavacCompilerUse}</forceJavacCompilerUse>
  <fork default-value="false">${maven.compiler.fork}</fork>
  <generatedTestSourcesDirectory default-value="${project.build.directory}/generated-test-sources/test-annotations"/>
  <implicit>${maven.compiler.implicit}</implicit>
  <maxmem>${maven.compiler.maxmem}</maxmem>
  <meminitial>${maven.compiler.meminitial}</meminitial>
  <mojoExecution default-value="${mojoExecution}"/>
  <optimize default-value="false">${maven.compiler.optimize}</optimize>
  <outputDirectory default-value="${project.build.testOutputDirectory}"/>
  <parameters default-value="false">true</parameters>
  <project default-value="${project}"/>
  <release>${maven.compiler.release}</release>
  <session default-value="${session}"/>
  <showCompilationChanges default-value="false">${maven.compiler.showCompilationChanges}</showCompilationChanges>
  <showDeprecation default-value="false">${maven.compiler.showDeprecation}</showDeprecation>
  <showWarnings default-value="true">${maven.compiler.showWarnings}</showWarnings>
  <skip>${maven.test.skip}</skip>
  <skipMultiThreadWarning default-value="false">${maven.compiler.skipMultiThreadWarning}</skipMultiThreadWarning>
  <source default-value="1.8">17</source>
  <staleMillis default-value="0">${lastModGranularityMs}</staleMillis>
  <target default-value="1.8">17</target>
  <testPath default-value="${project.testClasspathElements}"/>
  <testRelease>${maven.compiler.testRelease}</testRelease>
  <testSource>${maven.compiler.testSource}</testSource>
  <testTarget>${maven.compiler.testTarget}</testTarget>
  <useIncrementalCompilation default-value="true">${maven.compiler.useIncrementalCompilation}</useIncrementalCompilation>
  <useModulePath default-value="true"/>
  <verbose default-value="false">${maven.compiler.verbose}</verbose>
</configuration>
[DEBUG] -----------------------------------------------------------------------
[DEBUG] Goal:          org.apache.maven.plugins:maven-surefire-plugin:3.1.2:test (default-test)
[DEBUG] Style:         Regular
[DEBUG] Configuration: <?xml version="1.0" encoding="UTF-8"?>
<configuration>
  <additionalClasspathElements>${maven.test.additionalClasspath}</additionalClasspathElements>
  <argLine>${argLine}</argLine>
  <basedir default-value="${basedir}"/>
  <childDelegation default-value="false">${childDelegation}</childDelegation>
  <classesDirectory default-value="${project.build.outputDirectory}"/>
  <classpathDependencyExcludes>${maven.test.dependency.excludes}</classpathDependencyExcludes>
  <debugForkedProcess>${maven.surefire.debug}</debugForkedProcess>
  <dependenciesToScan>${dependenciesToScan}</dependenciesToScan>
  <disableXmlReport default-value="false">${disableXmlReport}</disableXmlReport>
  <enableAssertions default-value="true">${enableAssertions}</enableAssertions>
  <enableProcessChecker>${surefire.enableProcessChecker}</enableProcessChecker>
  <encoding default-value="${project.reporting.outputEncoding}">${surefire.encoding}</encoding>
  <excludeJUnit5Engines>${surefire.excludeJUnit5Engines}</excludeJUnit5Engines>
  <excludedEnvironmentVariables>${surefire.excludedEnvironmentVariables}</excludedEnvironmentVariables>
  <excludedGroups>${excludedGroups}</excludedGroups>
  <excludes>${surefire.excludes}</excludes>
  <excludesFile>${surefire.excludesFile}</excludesFile>
  <failIfNoSpecifiedTests default-value="true">${surefire.failIfNoSpecifiedTests}</failIfNoSpecifiedTests>
  <failIfNoTests default-value="false">${failIfNoTests}</failIfNoTests>
  <failOnFlakeCount default-value="0">${surefire.failOnFlakeCount}</failOnFlakeCount>
  <forkCount default-value="1">${forkCount}</forkCount>
  <forkNode>${surefire.forkNode}</forkNode>
  <forkedProcessExitTimeoutInSeconds default-value="30">${surefire.exitTimeout}</forkedProcessExitTimeoutInSeconds>
  <forkedProcessTimeoutInSeconds>${surefire.timeout}</forkedProcessTimeoutInSeconds>
  <groups>${groups}</groups>
  <includeJUnit5Engines>${surefire.includeJUnit5Engines}</includeJUnit5Engines>
  <includes>${surefire.includes}</includes>
  <includesFile>${surefire.includesFile}</includesFile>
  <junitArtifactName default-value="junit:junit">${junitArtifactName}</junitArtifactName>
  <jvm>${jvm}</jvm>
  <objectFactory>${objectFactory}</objectFactory>
  <parallel>${parallel}</parallel>
  <parallelMavenExecution default-value="${session.parallel}"/>
  <parallelOptimized default-value="true">${parallelOptimized}</parallelOptimized>
  <parallelTestsTimeoutForcedInSeconds>${surefire.parallel.forcedTimeout}</parallelTestsTimeoutForcedInSeconds>
  <parallelTestsTimeoutInSeconds>${surefire.parallel.timeout}</parallelTestsTimeoutInSeconds>
  <perCoreThreadCount default-value="true">${perCoreThreadCount}</perCoreThreadCount>
  <pluginArtifactMap>${plugin.artifactMap}</pluginArtifactMap>
  <pluginDescriptor default-value="${plugin}"/>
  <printSummary default-value="true">${surefire.printSummary}</printSummary>
  <project default-value="${project}"/>
  <projectArtifactMap>${project.artifactMap}</projectArtifactMap>
  <projectBuildDirectory default-value="${project.build.directory}"/>
  <redirectTestOutputToFile default-value="false">${maven.test.redirectTestOutputToFile}</redirectTestOutputToFile>
  <reportFormat default-value="brief">${surefire.reportFormat}</reportFormat>
  <reportNameSuffix default-value="">${surefire.reportNameSuffix}</reportNameSuffix>
  <reportsDirectory default-value="${project.build.directory}/surefire-reports"/>
  <rerunFailingTestsCount default-value="0">${surefire.rerunFailingTestsCount}</rerunFailingTestsCount>
  <reuseForks default-value="true">${reuseForks}</reuseForks>
  <runOrder default-value="filesystem">${surefire.runOrder}</runOrder>
  <runOrderRandomSeed>${surefire.runOrder.random.seed}</runOrderRandomSeed>
  <session default-value="${session}"/>
  <shutdown default-value="exit">${surefire.shutdown}</shutdown>
  <skip default-value="false">${maven.test.skip}</skip>
  <skipAfterFailureCount default-value="0">${surefire.skipAfterFailureCount}</skipAfterFailureCount>
  <skipExec>${maven.test.skip.exec}</skipExec>
  <skipTests default-value="false">${skipTests}</skipTests>
  <suiteXmlFiles>${surefire.suiteXmlFiles}</suiteXmlFiles>
  <systemPropertiesFile>${surefire.systemPropertiesFile}</systemPropertiesFile>
  <tempDir default-value="surefire">${tempDir}</tempDir>
  <test>${test}</test>
  <testClassesDirectory default-value="${project.build.testOutputDirectory}"/>
  <testFailureIgnore default-value="false">${maven.test.failure.ignore}</testFailureIgnore>
  <testNGArtifactName default-value="org.testng:testng">${testNGArtifactName}</testNGArtifactName>
  <testSourceDirectory default-value="${project.build.testSourceDirectory}"/>
  <threadCount>${threadCount}</threadCount>
  <threadCountClasses default-value="0">${threadCountClasses}</threadCountClasses>
  <threadCountMethods default-value="0">${threadCountMethods}</threadCountMethods>
  <threadCountSuites default-value="0">${threadCountSuites}</threadCountSuites>
  <trimStackTrace default-value="false">${trimStackTrace}</trimStackTrace>
  <useFile default-value="true">${surefire.useFile}</useFile>
  <useManifestOnlyJar default-value="true">${surefire.useManifestOnlyJar}</useManifestOnlyJar>
  <useModulePath default-value="true">${surefire.useModulePath}</useModulePath>
  <useSystemClassLoader default-value="true">${surefire.useSystemClassLoader}</useSystemClassLoader>
  <useUnlimitedThreads default-value="false">${useUnlimitedThreads}</useUnlimitedThreads>
  <workingDirectory>${basedir}</workingDirectory>
</configuration>
[DEBUG] =======================================================================
[DEBUG] Using mirror maven-default-http-blocker (http://0.0.0.0/) for ow2-snapshot (http://repository.ow2.org/nexus/content/repositories/snapshots).
[DEBUG] Using mirror maven-default-http-blocker (http://0.0.0.0/) for vaadin-snapshots (http://oss.sonatype.org/content/repositories/vaadin-snapshots/).
[DEBUG] Using mirror maven-default-http-blocker (http://0.0.0.0/) for vaadin-releases (http://oss.sonatype.org/content/repositories/vaadin-releases/).
[DEBUG] Dependency collection stats {ConflictMarker.analyzeTime=1597200, ConflictMarker.markTime=356300, ConflictMarker.nodeCount=460, ConflictIdSorter.graphTime=976700, ConflictIdSorter.topsortTime=326200, ConflictIdSorter.conflictIdCount=174, ConflictIdSorter.conflictIdCycleCount=0, ConflictResolver.totalTime=10582700, ConflictResolver.conflictItemCount=433, DfDependencyCollector.collectTime=385551500, DfDependencyCollector.transformTime=15584800}
[WARNING] The artifact mysql:mysql-connector-java:jar:8.0.33 has been relocated to com.mysql:mysql-connector-j:jar:8.0.33: MySQL Connector/J artifacts moved to reverse-DNS compliant Maven 2+ coordinates.
[DEBUG] com.system.b:system-b:jar:0.0.1-SNAPSHOT
[DEBUG]    org.springframework.boot:spring-boot-starter-web:jar:3.2.4:compile
[DEBUG]       org.springframework.boot:spring-boot-starter:jar:3.2.4:compile (version managed from 3.2.4)
[DEBUG]          org.springframework.boot:spring-boot:jar:3.2.4:compile (version managed from 3.2.4)
[DEBUG]          org.springframework.boot:spring-boot-starter-logging:jar:3.2.4:compile (version managed from 3.2.4)
[DEBUG]             ch.qos.logback:logback-classic:jar:1.4.14:compile (version managed from 1.4.14)
[DEBUG]                ch.qos.logback:logback-core:jar:1.4.14:compile (version managed from 1.4.14)
[DEBUG]             org.apache.logging.log4j:log4j-to-slf4j:jar:2.21.1:compile (version managed from 2.21.1)
[DEBUG]                org.apache.logging.log4j:log4j-api:jar:2.21.1:compile (version managed from 2.21.1)
[DEBUG]             org.slf4j:jul-to-slf4j:jar:2.0.12:compile (version managed from 2.0.12)
[DEBUG]          jakarta.annotation:jakarta.annotation-api:jar:2.1.1:compile (version managed from 2.1.1)
[DEBUG]          org.yaml:snakeyaml:jar:2.2:compile (version managed from 2.2)
[DEBUG]       org.springframework.boot:spring-boot-starter-json:jar:3.2.4:compile (version managed from 3.2.4)
[DEBUG]          com.fasterxml.jackson.datatype:jackson-datatype-jdk8:jar:2.15.4:compile (version managed from 2.15.4)
[DEBUG]          com.fasterxml.jackson.datatype:jackson-datatype-jsr310:jar:2.15.4:compile (version managed from 2.15.4)
[DEBUG]          com.fasterxml.jackson.module:jackson-module-parameter-names:jar:2.15.4:compile (version managed from 2.15.4)
[DEBUG]       org.springframework.boot:spring-boot-starter-tomcat:jar:3.2.4:compile (version managed from 3.2.4)
[DEBUG]          org.apache.tomcat.embed:tomcat-embed-core:jar:10.1.19:compile (version managed from 10.1.19)
[DEBUG]          org.apache.tomcat.embed:tomcat-embed-websocket:jar:10.1.19:compile (version managed from 10.1.19)
[DEBUG]       org.springframework:spring-web:jar:6.1.5:compile (version managed from 6.1.5)
[DEBUG]          org.springframework:spring-beans:jar:6.1.5:compile (version managed from 6.1.5)
[DEBUG]       org.springframework:spring-webmvc:jar:6.1.5:compile (version managed from 6.1.5)
[DEBUG]          org.springframework:spring-context:jar:6.1.5:compile (version managed from 6.1.5)
[DEBUG]          org.springframework:spring-expression:jar:6.1.5:compile (version managed from 6.1.5)
[DEBUG]    org.springframework.boot:spring-boot-starter-security:jar:3.2.4:compile
[DEBUG]       org.springframework:spring-aop:jar:6.1.5:compile (version managed from 6.1.5)
[DEBUG]       org.springframework.security:spring-security-config:jar:6.2.3:compile (version managed from 6.2.3)
[DEBUG]       org.springframework.security:spring-security-web:jar:6.2.3:compile (version managed from 6.2.3)
[DEBUG]    org.springframework.boot:spring-boot-starter-validation:jar:3.2.4:compile
[DEBUG]       org.apache.tomcat.embed:tomcat-embed-el:jar:10.1.19:compile (version managed from 10.1.19)
[DEBUG]       org.hibernate.validator:hibernate-validator:jar:8.0.1.Final:compile (version managed from 8.0.1.Final)
[DEBUG]          jakarta.validation:jakarta.validation-api:jar:3.0.2:compile (version managed from 3.0.2)
[DEBUG]          org.jboss.logging:jboss-logging:jar:3.5.3.Final:compile (version managed from 3.4.3.Final)
[DEBUG]          com.fasterxml:classmate:jar:1.6.0:compile (version managed from 1.5.1)
[DEBUG]    org.springframework.boot:spring-boot-starter-actuator:jar:3.2.4:compile
[DEBUG]       org.springframework.boot:spring-boot-actuator-autoconfigure:jar:3.2.4:compile (version managed from 3.2.4)
[DEBUG]          org.springframework.boot:spring-boot-actuator:jar:3.2.4:compile (version managed from 3.2.4)
[DEBUG]       io.micrometer:micrometer-observation:jar:1.12.4:compile (version managed from 1.12.4)
[DEBUG]          io.micrometer:micrometer-commons:jar:1.12.4:compile (version managed from 1.12.4)
[DEBUG]       io.micrometer:micrometer-jakarta9:jar:1.12.4:compile (version managed from 1.12.4)
[DEBUG]          io.micrometer:micrometer-core:jar:1.12.4:compile (version managed from 1.12.4)
[DEBUG]             org.hdrhistogram:HdrHistogram:jar:2.1.12:runtime
[DEBUG]             org.latencyutils:LatencyUtils:jar:2.0.3:runtime
[DEBUG]    org.springframework.boot:spring-boot-starter-cache:jar:3.2.4:compile
[DEBUG]       org.springframework:spring-context-support:jar:6.1.5:compile (version managed from 6.1.5)
[DEBUG]    com.github.ben-manes.caffeine:caffeine:jar:3.1.8:compile
[DEBUG]       org.checkerframework:checker-qual:jar:3.37.0:compile
[DEBUG]       com.google.errorprone:error_prone_annotations:jar:2.21.1:compile
[DEBUG]    org.springframework.boot:spring-boot-starter-data-redis:jar:3.2.4:compile
[DEBUG]       io.lettuce:lettuce-core:jar:6.3.2.RELEASE:compile (version managed from 6.3.2.RELEASE)
[DEBUG]          io.netty:netty-common:jar:4.1.107.Final:compile (version managed from 4.1.107.Final)
[DEBUG]          io.netty:netty-handler:jar:4.1.107.Final:compile (version managed from 4.1.107.Final)
[DEBUG]             io.netty:netty-resolver:jar:4.1.107.Final:compile (version managed from 4.1.107.Final)
[DEBUG]             io.netty:netty-buffer:jar:4.1.107.Final:compile (version managed from 4.1.107.Final)
[DEBUG]             io.netty:netty-transport-native-unix-common:jar:4.1.107.Final:compile (version managed from 4.1.107.Final)
[DEBUG]             io.netty:netty-codec:jar:4.1.107.Final:compile (version managed from 4.1.107.Final)
[DEBUG]          io.netty:netty-transport:jar:4.1.107.Final:compile (version managed from 4.1.107.Final)
[DEBUG]          io.projectreactor:reactor-core:jar:3.6.4:compile (version managed from 3.6.4)
[DEBUG]             org.reactivestreams:reactive-streams:jar:1.0.4:compile (version managed from 1.0.4)
[DEBUG]       org.springframework.data:spring-data-redis:jar:3.2.4:compile (version managed from 3.2.4)
[DEBUG]          org.springframework.data:spring-data-keyvalue:jar:3.2.4:compile (version managed from 3.2.4)
[DEBUG]             org.springframework.data:spring-data-commons:jar:3.2.4:compile (version managed from 3.2.4)
[DEBUG]          org.springframework:spring-tx:jar:6.1.5:compile (version managed from 6.1.5)
[DEBUG]          org.springframework:spring-oxm:jar:6.1.5:compile (version managed from 6.1.5)
[DEBUG]          org.slf4j:slf4j-api:jar:2.0.12:compile (version managed from 2.0.2)
[DEBUG]    com.mysql:mysql-connector-j:jar:8.0.33:compile (exclusions managed from [])
[DEBUG]    org.springframework.boot:spring-boot-starter-webflux:jar:3.2.4:compile
[DEBUG]       org.springframework.boot:spring-boot-starter-reactor-netty:jar:3.2.4:compile (version managed from 3.2.4)
[DEBUG]          io.projectreactor.netty:reactor-netty-http:jar:1.1.17:compile (version managed from 1.1.17)
[DEBUG]             io.netty:netty-codec-http:jar:4.1.107.Final:compile (version managed from 4.1.107.Final)
[DEBUG]             io.netty:netty-codec-http2:jar:4.1.107.Final:compile (version managed from 4.1.107.Final)
[DEBUG]             io.netty:netty-resolver-dns:jar:4.1.107.Final:compile (version managed from 4.1.107.Final)
[DEBUG]                io.netty:netty-codec-dns:jar:4.1.107.Final:compile (version managed from 4.1.107.Final)
[DEBUG]             io.netty:netty-resolver-dns-native-macos:jar:osx-x86_64:4.1.107.Final:compile (version managed from 4.1.107.Final)
[DEBUG]                io.netty:netty-resolver-dns-classes-macos:jar:4.1.107.Final:compile (version managed from 4.1.107.Final)
[DEBUG]             io.netty:netty-transport-native-epoll:jar:linux-x86_64:4.1.107.Final:compile (version managed from 4.1.107.Final)
[DEBUG]                io.netty:netty-transport-classes-epoll:jar:4.1.107.Final:compile (version managed from 4.1.107.Final)
[DEBUG]             io.projectreactor.netty:reactor-netty-core:jar:1.1.17:compile (version managed from 1.1.17)
[DEBUG]                io.netty:netty-handler-proxy:jar:4.1.107.Final:compile (version managed from 4.1.107.Final)
[DEBUG]                   io.netty:netty-codec-socks:jar:4.1.107.Final:compile (version managed from 4.1.107.Final)
[DEBUG]       org.springframework:spring-webflux:jar:6.1.5:compile (version managed from 6.1.5)
[DEBUG]    com.baomidou:mybatis-plus-spring-boot3-starter:jar:3.5.7:compile
[DEBUG]       com.baomidou:mybatis-plus:jar:3.5.7:compile
[DEBUG]          com.baomidou:mybatis-plus-core:jar:3.5.7:compile
[DEBUG]          com.baomidou:mybatis-plus-annotation:jar:3.5.7:compile
[DEBUG]          com.baomidou:mybatis-plus-extension:jar:3.5.7:compile
[DEBUG]          org.mybatis:mybatis:jar:3.5.16:compile
[DEBUG]          com.github.jsqlparser:jsqlparser:jar:4.9:compile
[DEBUG]       org.mybatis:mybatis-spring:jar:3.0.3:compile
[DEBUG]       com.baomidou:mybatis-plus-spring-boot-autoconfigure:jar:3.5.7:compile
[DEBUG]       org.springframework.boot:spring-boot-autoconfigure:jar:3.2.4:compile (version managed from 3.2.6)
[DEBUG]       org.springframework.boot:spring-boot-starter-jdbc:jar:3.2.4:compile (version managed from 3.2.6)
[DEBUG]          com.zaxxer:HikariCP:jar:5.0.1:compile (version managed from 5.0.1)
[DEBUG]          org.springframework:spring-jdbc:jar:6.1.5:compile (version managed from 6.1.5)
[DEBUG]    io.jsonwebtoken:jjwt-api:jar:0.11.5:compile
[DEBUG]    io.jsonwebtoken:jjwt-impl:jar:0.11.5:runtime
[DEBUG]    io.jsonwebtoken:jjwt-jackson:jar:0.11.5:runtime
[DEBUG]       com.fasterxml.jackson.core:jackson-databind:jar:2.15.4:compile (version managed from 2.12.6.1)
[DEBUG]          com.fasterxml.jackson.core:jackson-annotations:jar:2.15.4:compile (version managed from 2.15.4)
[DEBUG]          com.fasterxml.jackson.core:jackson-core:jar:2.15.4:compile (version managed from 2.15.4)
[DEBUG]    org.springframework.boot:spring-boot-starter-oauth2-client:jar:3.2.4:compile
[DEBUG]       org.springframework.security:spring-security-core:jar:6.2.3:compile (version managed from 6.2.3)
[DEBUG]          org.springframework.security:spring-security-crypto:jar:6.2.3:compile (version managed from 6.2.3)
[DEBUG]       org.springframework.security:spring-security-oauth2-client:jar:6.2.3:compile (version managed from 6.2.3)
[DEBUG]          org.springframework.security:spring-security-oauth2-core:jar:6.2.3:compile (version managed from 6.2.3)
[DEBUG]          com.nimbusds:oauth2-oidc-sdk:jar:9.43.3:compile
[DEBUG]             com.github.stephenc.jcip:jcip-annotations:jar:1.0-1:compile
[DEBUG]             com.nimbusds:content-type:jar:2.2:compile
[DEBUG]             com.nimbusds:lang-tag:jar:1.7:compile
[DEBUG]       org.springframework.security:spring-security-oauth2-jose:jar:6.2.3:compile (version managed from 6.2.3)
[DEBUG]          com.nimbusds:nimbus-jose-jwt:jar:9.24.4:compile
[DEBUG]    org.springframework.boot:spring-boot-starter-oauth2-authorization-server:jar:3.2.4:compile
[DEBUG]       org.springframework.security:spring-security-oauth2-authorization-server:jar:1.2.3:compile (version managed from 1.2.3)
[DEBUG]          org.springframework.security:spring-security-oauth2-resource-server:jar:6.2.3:compile (version managed from 6.2.3)
[DEBUG]    org.springframework.ai:spring-ai-starter-model-ollama:jar:1.0.2:compile
[DEBUG]       org.springframework.ai:spring-ai-autoconfigure-model-ollama:jar:1.0.2:compile (version managed from 1.0.2)
[DEBUG]          org.springframework.ai:spring-ai-autoconfigure-retry:jar:1.0.2:compile (version managed from 1.0.2)
[DEBUG]          org.springframework.ai:spring-ai-autoconfigure-model-tool:jar:1.0.2:compile (version managed from 1.0.2)
[DEBUG]          org.springframework.ai:spring-ai-autoconfigure-model-chat-observation:jar:1.0.2:compile (version managed from 1.0.2)
[DEBUG]          org.springframework.ai:spring-ai-autoconfigure-model-embedding-observation:jar:1.0.2:compile (version managed from 1.0.2)
[DEBUG]       org.springframework.ai:spring-ai-ollama:jar:1.0.2:compile (version managed from 1.0.2)
[DEBUG]          org.springframework.ai:spring-ai-model:jar:1.0.2:compile (version managed from 1.0.2)
[DEBUG]             org.springframework.ai:spring-ai-commons:jar:1.0.2:compile (version managed from 1.0.2)
[DEBUG]                io.micrometer:context-propagation:jar:1.1.3:compile
[DEBUG]             org.springframework.ai:spring-ai-template-st:jar:1.0.2:compile (version managed from 1.0.2)
[DEBUG]                org.antlr:ST4:jar:4.3.4:compile
[DEBUG]                   org.antlr:antlr-runtime:jar:3.5.3:compile
[DEBUG]             org.springframework:spring-messaging:jar:6.1.5:compile (version managed from 6.2.7)
[DEBUG]             org.antlr:antlr4-runtime:jar:4.13.1:compile
[DEBUG]             com.github.victools:jsonschema-generator:jar:4.37.0:compile
[DEBUG]             com.github.victools:jsonschema-module-jackson:jar:4.37.0:compile
[DEBUG]             com.github.victools:jsonschema-module-swagger-2:jar:4.37.0:compile
[DEBUG]             io.swagger.core.v3:swagger-annotations-jakarta:jar:2.2.30:compile
[DEBUG]          org.springframework.ai:spring-ai-retry:jar:1.0.2:compile (version managed from 1.0.2)
[DEBUG]             org.springframework.retry:spring-retry:jar:2.0.5:compile (version managed from 2.0.12)
[DEBUG]       org.springframework.ai:spring-ai-autoconfigure-model-chat-client:jar:1.0.2:compile (version managed from 1.0.2)
[DEBUG]          org.springframework.ai:spring-ai-client-chat:jar:1.0.2:compile (version managed from 1.0.2)
[DEBUG]             com.fasterxml.jackson.module:jackson-module-jsonSchema:jar:2.15.4:compile (version managed from 2.19.0)
[DEBUG]                javax.validation:validation-api:jar:1.1.0.Final:compile
[DEBUG]             com.knuddels:jtokkit:jar:1.1.0:compile
[DEBUG]       org.springframework.ai:spring-ai-autoconfigure-model-chat-memory:jar:1.0.2:compile (version managed from 1.0.2)
[DEBUG]    org.projectlombok:lombok:jar:1.18.30:compile (optional)
[DEBUG]    cn.hutool:hutool-all:jar:5.8.25:compile
[DEBUG]    org.springframework.boot:spring-boot-starter-test:jar:3.2.4:test
[DEBUG]       org.springframework.boot:spring-boot-test:jar:3.2.4:test (version managed from 3.2.4)
[DEBUG]       org.springframework.boot:spring-boot-test-autoconfigure:jar:3.2.4:test (version managed from 3.2.4)
[DEBUG]       com.jayway.jsonpath:json-path:jar:2.9.0:test (version managed from 2.9.0)
[DEBUG]       jakarta.xml.bind:jakarta.xml.bind-api:jar:4.0.2:test (version managed from 4.0.2)
[DEBUG]          jakarta.activation:jakarta.activation-api:jar:2.1.3:test (version managed from 2.1.3)
[DEBUG]       net.minidev:json-smart:jar:2.5.0:compile (version managed from 2.5.0)
[DEBUG]          net.minidev:accessors-smart:jar:2.5.0:compile
[DEBUG]             org.ow2.asm:asm:jar:9.3:compile
[DEBUG]       org.assertj:assertj-core:jar:3.24.2:test (version managed from 3.24.2)
[DEBUG]          net.bytebuddy:byte-buddy:jar:1.14.12:test (version managed from 1.12.21)
[DEBUG]       org.awaitility:awaitility:jar:4.2.0:test (version managed from 4.2.0)
[DEBUG]       org.hamcrest:hamcrest:jar:2.2:test (version managed from 2.2)
[DEBUG]       org.junit.jupiter:junit-jupiter:jar:5.10.2:test (version managed from 5.10.2)
[DEBUG]          org.junit.jupiter:junit-jupiter-api:jar:5.10.2:test (version managed from 5.10.2)
[DEBUG]             org.opentest4j:opentest4j:jar:1.3.0:test
[DEBUG]             org.junit.platform:junit-platform-commons:jar:1.10.2:test (version managed from 1.10.2)
[DEBUG]             org.apiguardian:apiguardian-api:jar:1.1.2:test
[DEBUG]          org.junit.jupiter:junit-jupiter-params:jar:5.10.2:test (version managed from 5.10.2)
[DEBUG]          org.junit.jupiter:junit-jupiter-engine:jar:5.10.2:test (version managed from 5.10.2)
[DEBUG]             org.junit.platform:junit-platform-engine:jar:1.10.2:test (version managed from 1.10.2)
[DEBUG]       org.mockito:mockito-core:jar:5.7.0:test (version managed from 5.7.0)
[DEBUG]          net.bytebuddy:byte-buddy-agent:jar:1.14.12:test (version managed from 1.14.9)
[DEBUG]          org.objenesis:objenesis:jar:3.3:test
[DEBUG]       org.mockito:mockito-junit-jupiter:jar:5.7.0:test (version managed from 5.7.0)
[DEBUG]       org.skyscreamer:jsonassert:jar:1.5.1:test (version managed from 1.5.1)
[DEBUG]          com.vaadin.external.google:android-json:jar:0.0.20131108.vaadin1:test
[DEBUG]       org.springframework:spring-core:jar:6.1.5:compile (version managed from 6.1.5)
[DEBUG]          org.springframework:spring-jcl:jar:6.1.5:compile (version managed from 6.1.5)
[DEBUG]       org.springframework:spring-test:jar:6.1.5:test (version managed from 6.1.5)
[DEBUG]       org.xmlunit:xmlunit-core:jar:2.9.1:test (version managed from 2.9.1)
[DEBUG]    org.springframework.security:spring-security-test:jar:6.2.3:test
[INFO] 
[INFO] --- resources:3.3.1:resources (default-resources) @ system-b ---
[DEBUG] Dependency collection stats {ConflictMarker.analyzeTime=98300, ConflictMarker.markTime=18100, ConflictMarker.nodeCount=13, ConflictIdSorter.graphTime=31300, ConflictIdSorter.topsortTime=9400, ConflictIdSorter.conflictIdCount=9, ConflictIdSorter.conflictIdCycleCount=0, ConflictResolver.totalTime=148500, ConflictResolver.conflictItemCount=13, DfDependencyCollector.collectTime=21381800, DfDependencyCollector.transformTime=318100}
[DEBUG] org.apache.maven.plugins:maven-resources-plugin:jar:3.3.1
[DEBUG]    org.codehaus.plexus:plexus-interpolation:jar:1.26:runtime
[DEBUG]    org.codehaus.plexus:plexus-utils:jar:3.5.1:compile
[DEBUG]    org.apache.maven.shared:maven-filtering:jar:3.3.1:compile
[DEBUG]       javax.inject:javax.inject:jar:1:compile
[DEBUG]       org.slf4j:slf4j-api:jar:1.7.36:compile
[DEBUG]       org.sonatype.plexus:plexus-build-api:jar:0.0.7:compile
[DEBUG]    commons-io:commons-io:jar:2.11.0:compile
[DEBUG]    org.apache.commons:commons-lang3:jar:3.12.0:compile
[DEBUG] Created new class realm plugin>org.apache.maven.plugins:maven-resources-plugin:3.3.1
[DEBUG] Importing foreign packages into class realm plugin>org.apache.maven.plugins:maven-resources-plugin:3.3.1
[DEBUG]   Imported:  < maven.api
[DEBUG] Populating class realm plugin>org.apache.maven.plugins:maven-resources-plugin:3.3.1
[DEBUG]   Included: org.apache.maven.plugins:maven-resources-plugin:jar:3.3.1
[DEBUG]   Included: org.codehaus.plexus:plexus-interpolation:jar:1.26
[DEBUG]   Included: org.codehaus.plexus:plexus-utils:jar:3.5.1
[DEBUG]   Included: org.apache.maven.shared:maven-filtering:jar:3.3.1
[DEBUG]   Included: org.sonatype.plexus:plexus-build-api:jar:0.0.7
[DEBUG]   Included: commons-io:commons-io:jar:2.11.0
[DEBUG]   Included: org.apache.commons:commons-lang3:jar:3.12.0
[DEBUG] Loading mojo org.apache.maven.plugins:maven-resources-plugin:3.3.1:resources from plugin realm ClassRealm[plugin>org.apache.maven.plugins:maven-resources-plugin:3.3.1, parent: jdk.internal.loader.ClassLoaders$AppClassLoader@6bc7c054]
[DEBUG] Configuring mojo execution 'org.apache.maven.plugins:maven-resources-plugin:3.3.1:resources:default-resources' with basic configurator -->
[DEBUG]   (f) addDefaultExcludes = true
[DEBUG]   (f) buildFilters = []
[DEBUG]   (s) delimiters = [@]
[DEBUG]   (f) encoding = UTF-8
[DEBUG]   (f) escapeWindowsPaths = true
[DEBUG]   (f) fileNameFiltering = false
[DEBUG]   (s) includeEmptyDirs = false
[DEBUG]   (s) outputDirectory = C:\Users\pc\Desktop\vue\login-oauth2\target\classes
[DEBUG]   (s) overwrite = false
[DEBUG]   (f) project = MavenProject: com.system.b:system-b:0.0.1-SNAPSHOT @ C:\Users\pc\Desktop\vue\login-oauth2\pom.xml
[DEBUG]   (f) propertiesEncoding = UTF-8
[DEBUG]   (s) resources = [Resource {targetPath: null, filtering: true, FileSet {directory: C:\Users\pc\Desktop\vue\login-oauth2\src\main\resources, PatternSet [includes: {**/application*.yml, **/application*.yaml, **/application*.properties}, excludes: {}]}}, Resource {targetPath: null, filtering: false, FileSet {directory: C:\Users\pc\Desktop\vue\login-oauth2\src\main\resources, PatternSet [includes: {}, excludes: {**/application*.yml, **/application*.yaml, **/application*.properties}]}}]
[DEBUG]   (f) session = org.apache.maven.execution.MavenSession@33f2df51
[DEBUG]   (f) skip = false
[DEBUG]   (f) supportMultiLineFiltering = false
[DEBUG]   (f) useBuildFilters = true
[DEBUG]   (s) useDefaultDelimiters = false
[DEBUG] -- end configuration --
[DEBUG] properties used:
[DEBUG] activemq.version: 5.18.3
[DEBUG] angus-mail.version: 2.0.3
[DEBUG] artemis.version: 2.31.2
[DEBUG] aspectj.version: 1.9.21
[DEBUG] assertj.version: 3.24.2
[DEBUG] awaitility.version: 4.2.0
[DEBUG] brave.version: 5.16.0
[DEBUG] build-helper-maven-plugin.version: 3.4.0
[DEBUG] byte-buddy.version: 1.14.12
[DEBUG] cache2k.version: 2.6.1.Final
[DEBUG] caffeine.version: 3.1.8
[DEBUG] cassandra-driver.version: 4.17.0
[DEBUG] classmate.version: 1.6.0
[DEBUG] classworlds.conf: C:\Users\pc\.m2\wrapper\dists\apache-maven-3.9.9\977a63e90f436cd6ade95b4c0e10c20c\bin\m2.conf
[DEBUG] commons-codec.version: 1.16.1
[DEBUG] commons-dbcp2.version: 2.10.0
[DEBUG] commons-lang3.version: 3.13.0
[DEBUG] commons-pool.version: 1.6
[DEBUG] commons-pool2.version: 2.12.0
[DEBUG] couchbase-client.version: 3.4.11
[DEBUG] crac.version: 1.4.0
[DEBUG] db2-jdbc.version: 11.5.9.0
[DEBUG] dependency-management-plugin.version: 1.1.4
[DEBUG] derby.version: 10.16.1.1
[DEBUG] dropwizard-metrics.version: 4.2.25
[DEBUG] ehcache3.version: 3.10.8
[DEBUG] elasticsearch-client.version: 8.10.4
[DEBUG] env.=C:: C:\Users\pc\Desktop\vue\login-oauth2
[DEBUG] env.ACSETUPSVCPORT: 23210
[DEBUG] env.ACSVCPORT: 17532
[DEBUG] env.ALLUSERSPROFILE: C:\ProgramData
[DEBUG] env.APPCODE_VM_OPTIONS: D:\BaiduNetdiskDownload\Java+AI��Java�������ŵ���ţ��\Java�����������\02��Java��������-IDEA\Crack\jetbra\vmoptions\appcode.vmoptions
[DEBUG] env.APPDATA: C:\Users\pc\AppData\Roaming
[DEBUG] env.CLASSWORLDS_JAR: "C:\Users\pc\.m2\wrapper\dists\apache-maven-3.9.9\977a63e90f436cd6ade95b4c0e10c20c\boot\plexus-classworlds-2.8.0.jar"
[DEBUG] env.CLASSWORLDS_LAUNCHER: org.codehaus.plexus.classworlds.launcher.Launcher
[DEBUG] env.CLIENTNAME: ������1000
[DEBUG] env.CLION_VM_OPTIONS: D:\BaiduNetdiskDownload\Java+AI��Java�������ŵ���ţ��\Java�����������\02��Java��������-IDEA\Crack\jetbra\vmoptions\clion.vmoptions
[DEBUG] env.COMMONPROGRAMFILES: C:\Program Files\Common Files
[DEBUG] env.COMMONPROGRAMFILES(X86): C:\Program Files (x86)\Common Files
[DEBUG] env.COMMONPROGRAMW6432: C:\Program Files\Common Files
[DEBUG] env.COMPUTERNAME: DESKTOP-DNDL9EL
[DEBUG] env.COMSPEC: C:\Windows\system32\cmd.exe
[DEBUG] env.DATAGRIP: C:\Program Files\JetBrains\DataGrip 2025.1\bin;
[DEBUG] env.DATAGRIP_VM_OPTIONS: D:\BaiduNetdiskDownload\Java+AI��Java�������ŵ���ţ��\Java�����������\02��Java��������-IDEA\Crack\jetbra\vmoptions\datagrip.vmoptions
[DEBUG] env.DATASPELL_VM_OPTIONS: D:\BaiduNetdiskDownload\Java+AI��Java�������ŵ���ţ��\Java�����������\02��Java��������-IDEA\Crack\jetbra\vmoptions\dataspell.vmoptions
[DEBUG] env.DEVECOSTUDIO_VM_OPTIONS: D:\BaiduNetdiskDownload\Java+AI��Java�������ŵ���ţ��\Java�����������\02��Java��������-IDEA\Crack\jetbra\vmoptions\devecostudio.vmoptions
[DEBUG] env.DRIVERDATA: C:\Windows\System32\Drivers\DriverData
[DEBUG] env.ERROR_CODE: 0
[DEBUG] env.EXEC_DIR: C:\Users\pc\Desktop\vue\login-oauth2
[DEBUG] env.GATEWAY_VM_OPTIONS: D:\BaiduNetdiskDownload\Java+AI��Java�������ŵ���ţ��\Java�����������\02��Java��������-IDEA\Crack\jetbra\vmoptions\gateway.vmoptions
[DEBUG] env.GOLAND_VM_OPTIONS: D:\BaiduNetdiskDownload\Java+AI��Java�������ŵ���ţ��\Java�����������\02��Java��������-IDEA\Crack\jetbra\vmoptions\goland.vmoptions
[DEBUG] env.HOME: C:\Users\pc
[DEBUG] env.HOMEDRIVE: C:
[DEBUG] env.HOMEPATH: \Users\pc
[DEBUG] env.IDEA_INITIAL_DIRECTORY: D:\develop\IntelliJIDEA2024.1\bin
[DEBUG] env.IDEA_VM_OPTIONS: D:\BaiduNetdiskDownload\Java+AI��Java�������ŵ���ţ��\Java�����������\02��Java��������-IDEA\Crack\jetbra\vmoptions\idea.vmoptions
[DEBUG] env.IFLOW_CLI: 1
[DEBUG] env.JAVACMD: D:\develop\Java\jdk-21\bin\java.exe
[DEBUG] env.JAVA_HOME: D:\develop\Java\jdk-21
[DEBUG] env.JETBRAINSCLIENT_VM_OPTIONS: D:\BaiduNetdiskDownload\Java+AI��Java�������ŵ���ţ��\Java�����������\02��Java��������-IDEA\Crack\jetbra\vmoptions\jetbrainsclient.vmoptions
[DEBUG] env.JETBRAINS_CLIENT_VM_OPTIONS: D:\BaiduNetdiskDownload\Java+AI��Java�������ŵ���ţ��\Java�����������\02��Java��������-IDEA\Crack\jetbra\vmoptions\jetbrains_client.vmoptions
[DEBUG] env.JETBRAINS_INTELLIJ_COMMAND_END_MARKER: yhwsk33q6gfwfIatehQNEMz6ywauVFW3L2mNvQhdtsOfj1aDd9FAHzun8TNQPpwv
[DEBUG] env.JVMCONFIG: \.mvn\jvm.config
[DEBUG] env.LANG: zh_CN.UTF-8
[DEBUG] env.LC_ALL: zh_CN.UTF-8
[DEBUG] env.LOCALAPPDATA: C:\Users\pc\AppData\Local
[DEBUG] env.LOGONSERVER: \\DESKTOP-DNDL9EL
[DEBUG] env.MAVEN_CMD_LINE_ARGS: test -Dtest=MybatisPlusConfigTest -X
[DEBUG] env.MAVEN_HOME: C:\Users\pc\.m2\wrapper\dists\apache-maven-3.9.9\977a63e90f436cd6ade95b4c0e10c20c
[DEBUG] env.MAVEN_PROJECTBASEDIR: C:\Users\pc\Desktop\vue\login-oauth2
[DEBUG] env.NUMBER_OF_PROCESSORS: 20
[DEBUG] env.ONEDRIVE: C:\Users\pc\OneDrive - mail.hfut.edu.cn
[DEBUG] env.ONEDRIVECOMMERCIAL: C:\Users\pc\OneDrive - mail.hfut.edu.cn
[DEBUG] env.ONEDRIVECONSUMER: C:\Users\pc\OneDrive
[DEBUG] env.OS: Windows_NT
[DEBUG] env.PAGER: cat
[DEBUG] env.PATH: C:\Program Files\Zulu\zulu-17\bin\;C:\Windows\system32;C:\Windows;C:\Windows\System32\Wbem;C:\Windows\System32\WindowsPowerShell\v1.0\;C:\Windows\System32\OpenSSH\;D:\develop\Java\jdk-21\bin;D:\Tim\Bin;C:\Program Files\nodejs\;c:\Users\pc\AppData\Local\Programs\cursor\resources\app\bin;D:\Bandizip\;C:\Program Files\MySQL\MySQL Server 8.0\bin;C:\Users\pc\AppData\Local\Microsoft\WindowsApps;;D:\Microsoft VS Code\bin;C:\Users\pc\AppData\Local\Programs\cursor\resources\app\bin;C:\Users\pc\AppData\Roaming\npm;C:\Program Files\JetBrains\DataGrip 2025.1\bin;;C:\Users\pc\AppData\Local\Programs\Windsurf\bin
[DEBUG] env.PATHEXT: .COM;.EXE;.BAT;.CMD;.VBS;.VBE;.JS;.JSE;.WSF;.WSH;.MSC;.CPL
[DEBUG] env.PHPSTORM_VM_OPTIONS: D:\BaiduNetdiskDownload\Java+AI��Java�������ŵ���ţ��\Java�����������\02��Java��������-IDEA\Crack\jetbra\vmoptions\phpstorm.vmoptions
[DEBUG] env.PROCESSOR_ARCHITECTURE: AMD64
[DEBUG] env.PROCESSOR_IDENTIFIER: Intel64 Family 6 Model 151 Stepping 2, GenuineIntel
[DEBUG] env.PROCESSOR_LEVEL: 6
[DEBUG] env.PROCESSOR_REVISION: 9702
[DEBUG] env.PROGRAMDATA: C:\ProgramData
[DEBUG] env.PROGRAMFILES: C:\Program Files
[DEBUG] env.PROGRAMFILES(X86): C:\Program Files (x86)
[DEBUG] env.PROGRAMW6432: C:\Program Files
[DEBUG] env.PROMPT: $P$G
[DEBUG] env.PSEXECUTIONPOLICYPREFERENCE: Bypass
[DEBUG] env.PSMODULEPATH: C:\Users\pc\Documents\WindowsPowerShell\Modules;C:\Program Files\WindowsPowerShell\Modules;C:\Windows\system32\WindowsPowerShell\v1.0\Modules
[DEBUG] env.PUBLIC: C:\Users\Public
[DEBUG] env.PYCHARM_VM_OPTIONS: D:\BaiduNetdiskDownload\Java+AI��Java�������ŵ���ţ��\Java�����������\02��Java��������-IDEA\Crack\jetbra\vmoptions\pycharm.vmoptions
[DEBUG] env.PYTHONIOENCODING: utf-8
[DEBUG] env.RIDER_VM_OPTIONS: D:\BaiduNetdiskDownload\Java+AI��Java�������ŵ���ţ��\Java�����������\02��Java��������-IDEA\Crack\jetbra\vmoptions\rider.vmoptions
[DEBUG] env.RLSSVCPORT: 22112
[DEBUG] env.RUBYMINE_VM_OPTIONS: D:\BaiduNetdiskDownload\Java+AI��Java�������ŵ���ţ��\Java�����������\02��Java��������-IDEA\Crack\jetbra\vmoptions\rubymine.vmoptions
[DEBUG] env.SESSIONNAME: RDP-Tcp#1
[DEBUG] env.STUDIO_VM_OPTIONS: D:\BaiduNetdiskDownload\Java+AI��Java�������ŵ���ţ��\Java�����������\02��Java��������-IDEA\Crack\jetbra\vmoptions\studio.vmoptions
[DEBUG] env.SYSTEMDRIVE: C:
[DEBUG] env.SYSTEMROOT: C:\Windows
[DEBUG] env.TEMP: C:\Users\pc\AppData\Local\Temp
[DEBUG] env.TERM: xterm-256color
[DEBUG] env.TERMINAL_EMULATOR: JetBrains-JediTerm
[DEBUG] env.TERM_SESSION_ID: a700be7a-3270-4bf3-90ad-27cbef94c616
[DEBUG] env.TMP: C:\Users\pc\AppData\Local\Temp
[DEBUG] env.USERDOMAIN: DESKTOP-DNDL9EL
[DEBUG] env.USERDOMAIN_ROAMINGPROFILE: DESKTOP-DNDL9EL
[DEBUG] env.USERNAME: pc
[DEBUG] env.USERPROFILE: C:\Users\pc
[DEBUG] env.VBOX_MSI_INSTALL_PATH: C:\Program Files\Oracle\VirtualBox\
[DEBUG] env.WDIR: C:\Users\pc\Desktop\vue\login-oauth2
[DEBUG] env.WEBIDE_VM_OPTIONS: D:\BaiduNetdiskDownload\Java+AI��Java�������ŵ���ţ��\Java�����������\02��Java��������-IDEA\Crack\jetbra\vmoptions\webide.vmoptions
[DEBUG] env.WEBSTORM_VM_OPTIONS: D:\BaiduNetdiskDownload\Java+AI��Java�������ŵ���ţ��\Java�����������\02��Java��������-IDEA\Crack\jetbra\vmoptions\webstorm.vmoptions
[DEBUG] env.WINDIR: C:\Windows
[DEBUG] env.ZES_ENABLE_SYSMAN: 1
[DEBUG] env.__MVNW_CMD__: C:\Users\pc/.m2/wrapper/dists/apache-maven-3.9.9/977a63e90f436cd6ade95b4c0e10c20c/bin/mvn.cmd
[DEBUG] file.encoding: UTF-8
[DEBUG] file.separator: \
[DEBUG] flyway.version: 9.22.3
[DEBUG] freemarker.version: 2.3.32
[DEBUG] git-commit-id-maven-plugin.version: 6.0.0
[DEBUG] glassfish-jaxb.version: 4.0.5
[DEBUG] glassfish-jstl.version: 3.0.1
[DEBUG] graphql-java.version: 21.4
[DEBUG] groovy.version: 4.0.20
[DEBUG] gson.version: 2.10.1
[DEBUG] h2.version: 2.2.224
[DEBUG] hamcrest.version: 2.2
[DEBUG] hazelcast.version: 5.3.6
[DEBUG] hibernate-validator.version: 8.0.1.Final
[DEBUG] hibernate.version: 6.4.4.Final
[DEBUG] hikaricp.version: 5.0.1
[DEBUG] hsqldb.version: 2.7.2
[DEBUG] htmlunit.version: 2.70.0
[DEBUG] httpasyncclient.version: 4.1.5
[DEBUG] httpclient5.version: 5.2.3
[DEBUG] httpcore.version: 4.4.16
[DEBUG] httpcore5.version: 5.2.4
[DEBUG] infinispan.version: 14.0.27.Final
[DEBUG] influxdb-java.version: 2.23
[DEBUG] jackson-bom.version: 2.15.4
[DEBUG] jakarta-activation.version: 2.1.3
[DEBUG] jakarta-annotation.version: 2.1.1
[DEBUG] jakarta-jms.version: 3.1.0
[DEBUG] jakarta-json-bind.version: 3.0.0
[DEBUG] jakarta-json.version: 2.1.3
[DEBUG] jakarta-mail.version: 2.1.3
[DEBUG] jakarta-management.version: 1.1.4
[DEBUG] jakarta-persistence.version: 3.1.0
[DEBUG] jakarta-servlet-jsp-jstl.version: 3.0.0
[DEBUG] jakarta-servlet.version: 6.0.0
[DEBUG] jakarta-transaction.version: 2.0.1
[DEBUG] jakarta-validation.version: 3.0.2
[DEBUG] jakarta-websocket.version: 2.1.1
[DEBUG] jakarta-ws-rs.version: 3.1.0
[DEBUG] jakarta-xml-bind.version: 4.0.2
[DEBUG] jakarta-xml-soap.version: 3.0.1
[DEBUG] jakarta-xml-ws.version: 4.0.1
[DEBUG] janino.version: 3.1.12
[DEBUG] java.class.path: C:\Users\pc\.m2\wrapper\dists\apache-maven-3.9.9\977a63e90f436cd6ade95b4c0e10c20c\boot\plexus-classworlds-2.8.0.jar
[DEBUG] java.class.version: 65.0
[DEBUG] java.home: D:\develop\Java\jdk-21
[DEBUG] java.io.tmpdir: C:\Users\pc\AppData\Local\Temp\
[DEBUG] java.library.path: D:\develop\Java\jdk-21\bin;C:\Windows\Sun\Java\bin;C:\Windows\system32;C:\Windows;C:\Program Files\Zulu\zulu-17\bin\;C:\Windows\system32;C:\Windows;C:\Windows\System32\Wbem;C:\Windows\System32\WindowsPowerShell\v1.0\;C:\Windows\System32\OpenSSH\;D:\develop\Java\jdk-21\bin;D:\Tim\Bin;C:\Program Files\nodejs\;c:\Users\pc\AppData\Local\Programs\cursor\resources\app\bin;D:\Bandizip\;C:\Program Files\MySQL\MySQL Server 8.0\bin;C:\Users\pc\AppData\Local\Microsoft\WindowsApps;;D:\Microsoft VS Code\bin;C:\Users\pc\AppData\Local\Programs\cursor\resources\app\bin;C:\Users\pc\AppData\Roaming\npm;C:\Program Files\JetBrains\DataGrip 2025.1\bin;;C:\Users\pc\AppData\Local\Programs\Windsurf\bin;.
[DEBUG] java.runtime.name: Java(TM) SE Runtime Environment
[DEBUG] java.runtime.version: 21.0.4+8-LTS-274
[DEBUG] java.specification.name: Java Platform API Specification
[DEBUG] java.specification.vendor: Oracle Corporation
[DEBUG] java.specification.version: 21
[DEBUG] java.vendor: Oracle Corporation
[DEBUG] java.vendor.url: https://java.oracle.com/
[DEBUG] java.vendor.url.bug: https://bugreport.java.com/bugreport/
[DEBUG] java.version: 21.0.4
[DEBUG] java.version.date: 2024-07-16
[DEBUG] java.vm.compressedOopsMode: Zero based
[DEBUG] java.vm.info: mixed mode, sharing
[DEBUG] java.vm.name: Java HotSpot(TM) 64-Bit Server VM
[DEBUG] java.vm.specification.name: Java Virtual Machine Specification
[DEBUG] java.vm.specification.vendor: Oracle Corporation
[DEBUG] java.vm.specification.version: 21
[DEBUG] java.vm.vendor: Oracle Corporation
[DEBUG] java.vm.version: 21.0.4+8-LTS-274
[DEBUG] javax-cache.version: 1.1.1
[DEBUG] javax-money.version: 1.1
[DEBUG] jaxen.version: 2.0.0
[DEBUG] jaybird.version: 5.0.4.java11
[DEBUG] jboss-logging.version: 3.5.3.Final
[DEBUG] jdk.debug: release
[DEBUG] jdom2.version: 2.0.6.1
[DEBUG] jedis.version: 5.0.2
[DEBUG] jersey.version: 3.1.5
[DEBUG] jetty-reactive-httpclient.version: 4.0.3
[DEBUG] jetty.version: 12.0.7
[DEBUG] jjwt.version: 0.11.5
[DEBUG] jmustache.version: 1.15
[DEBUG] jooq.version: 3.18.13
[DEBUG] json-path.version: 2.9.0
[DEBUG] json-smart.version: 2.5.0
[DEBUG] jsonassert.version: 1.5.1
[DEBUG] jtds.version: 1.3.1
[DEBUG] junit-jupiter.version: 5.10.2
[DEBUG] junit.version: 4.13.2
[DEBUG] kafka.version: 3.6.1
[DEBUG] kotlin-coroutines.version: 1.7.3
[DEBUG] kotlin-serialization.version: 1.6.3
[DEBUG] kotlin.version: 1.9.23
[DEBUG] lettuce.version: 6.3.2.RELEASE
[DEBUG] library.jansi.path: C:\Users\pc\.m2\wrapper\dists\apache-maven-3.9.9\977a63e90f436cd6ade95b4c0e10c20c\lib\jansi-native
[DEBUG] line.separator: 

[DEBUG] liquibase.version: 4.24.0
[DEBUG] log4j2.version: 2.21.1
[DEBUG] logback.version: 1.4.14
[DEBUG] lombok.version: 1.18.30
[DEBUG] mariadb.version: 3.3.3
[DEBUG] maven-antrun-plugin.version: 3.1.0
[DEBUG] maven-assembly-plugin.version: 3.6.0
[DEBUG] maven-clean-plugin.version: 3.3.2
[DEBUG] maven-compiler-plugin.version: 3.11.0
[DEBUG] maven-dependency-plugin.version: 3.6.1
[DEBUG] maven-deploy-plugin.version: 3.1.1
[DEBUG] maven-enforcer-plugin.version: 3.4.1
[DEBUG] maven-failsafe-plugin.version: 3.1.2
[DEBUG] maven-help-plugin.version: 3.4.0
[DEBUG] maven-install-plugin.version: 3.1.1
[DEBUG] maven-invoker-plugin.version: 3.6.0
[DEBUG] maven-jar-plugin.version: 3.3.0
[DEBUG] maven-javadoc-plugin.version: 3.6.3
[DEBUG] maven-resources-plugin.version: 3.3.1
[DEBUG] maven-shade-plugin.version: 3.5.2
[DEBUG] maven-source-plugin.version: 3.3.0
[DEBUG] maven-surefire-plugin.version: 3.1.2
[DEBUG] maven-war-plugin.version: 3.4.0
[DEBUG] maven.build.timestamp: 2025-12-01T09:10:56Z
[DEBUG] maven.build.version: Apache Maven 3.9.9 (8e8579a9e76f7d015ee5ec7bfcdc97d260186937)
[DEBUG] maven.compiler.release: 17
[DEBUG] maven.conf: C:\Users\pc\.m2\wrapper\dists\apache-maven-3.9.9\977a63e90f436cd6ade95b4c0e10c20c/conf
[DEBUG] maven.home: C:\Users\pc\.m2\wrapper\dists\apache-maven-3.9.9\977a63e90f436cd6ade95b4c0e10c20c
[DEBUG] maven.multiModuleProjectDirectory: C:\Users\pc\Desktop\vue\login-oauth2
[DEBUG] maven.version: 3.9.9
[DEBUG] micrometer-tracing.version: 1.2.4
[DEBUG] micrometer.version: 1.12.4
[DEBUG] mockito.version: 5.7.0
[DEBUG] mongodb.version: 4.11.1
[DEBUG] mssql-jdbc.version: 12.4.2.jre11
[DEBUG] mybatis-plus.version: 3.5.7
[DEBUG] mysql.version: 8.3.0
[DEBUG] native-build-tools-plugin.version: 0.9.28
[DEBUG] native.encoding: GBK
[DEBUG] nekohtml.version: 1.9.22
[DEBUG] neo4j-java-driver.version: 5.18.0
[DEBUG] netty.version: 4.1.107.Final
[DEBUG] okhttp.version: 4.12.0
[DEBUG] opentelemetry.version: 1.31.0
[DEBUG] oracle-database.version: 21.9.0.0
[DEBUG] oracle-r2dbc.version: 1.1.1
[DEBUG] os.arch: amd64
[DEBUG] os.name: Windows 10
[DEBUG] os.version: 10.0
[DEBUG] path.separator: ;
[DEBUG] pooled-jms.version: 3.1.5
[DEBUG] postgresql.version: 42.6.2
[DEBUG] project.baseUri: file:/C:/Users/pc/Desktop/vue/login-oauth2/
[DEBUG] project.build.sourceEncoding: UTF-8
[DEBUG] project.reporting.outputEncoding: UTF-8
[DEBUG] prometheus-client.version: 0.16.0
[DEBUG] pulsar-reactive.version: 0.5.3
[DEBUG] pulsar.version: 3.1.3
[DEBUG] quartz.version: 2.3.2
[DEBUG] querydsl.version: 5.0.0
[DEBUG] r2dbc-h2.version: 1.0.0.RELEASE
[DEBUG] r2dbc-mariadb.version: 1.1.4
[DEBUG] r2dbc-mssql.version: 1.0.2.RELEASE
[DEBUG] r2dbc-mysql.version: 1.0.6
[DEBUG] r2dbc-pool.version: 1.0.1.RELEASE
[DEBUG] r2dbc-postgresql.version: 1.0.4.RELEASE
[DEBUG] r2dbc-proxy.version: 1.1.4.RELEASE
[DEBUG] r2dbc-spi.version: 1.0.0.RELEASE
[DEBUG] rabbit-amqp-client.version: 5.19.0
[DEBUG] rabbit-stream-client.version: 0.14.0
[DEBUG] reactive-streams.version: 1.0.4
[DEBUG] reactor-bom.version: 2023.0.4
[DEBUG] resource.delimiter: @
[DEBUG] rest-assured.version: 5.3.2
[DEBUG] rsocket.version: 1.1.3
[DEBUG] rxjava3.version: 3.1.8
[DEBUG] saaj-impl.version: 3.0.3
[DEBUG] selenium-htmlunit.version: 4.13.0
[DEBUG] selenium.version: 4.14.1
[DEBUG] sendgrid.version: 4.9.3
[DEBUG] slf4j.version: 2.0.12
[DEBUG] snakeyaml.version: 2.2
[DEBUG] spring-ai.version: 1.0.2
[DEBUG] spring-amqp.version: 3.1.3
[DEBUG] spring-authorization-server.version: 1.2.3
[DEBUG] spring-batch.version: 5.1.1
[DEBUG] spring-data-bom.version: 2023.1.4
[DEBUG] spring-framework.version: 6.1.5
[DEBUG] spring-graphql.version: 1.2.5
[DEBUG] spring-hateoas.version: 2.2.1
[DEBUG] spring-integration.version: 6.2.3
[DEBUG] spring-kafka.version: 3.1.3
[DEBUG] spring-ldap.version: 3.2.2
[DEBUG] spring-pulsar.version: 1.0.4
[DEBUG] spring-restdocs.version: 3.0.1
[DEBUG] spring-retry.version: 2.0.5
[DEBUG] spring-security.version: 6.2.3
[DEBUG] spring-session.version: 3.2.2
[DEBUG] spring-ws.version: 4.0.10
[DEBUG] sqlite-jdbc.version: 3.43.2.0
[DEBUG] stderr.encoding: GBK
[DEBUG] stdout.encoding: GBK
[DEBUG] sun.arch.data.model: 64
[DEBUG] sun.boot.library.path: D:\develop\Java\jdk-21\bin
[DEBUG] sun.cpu.endian: little
[DEBUG] sun.cpu.isalist: amd64
[DEBUG] sun.io.unicode.encoding: UnicodeLittle
[DEBUG] sun.java.command: org.codehaus.plexus.classworlds.launcher.Launcher test -Dtest=MybatisPlusConfigTest -X
[DEBUG] sun.java.launcher: SUN_STANDARD
[DEBUG] sun.jnu.encoding: GBK
[DEBUG] sun.management.compiler: HotSpot 64-Bit Tiered Compilers
[DEBUG] sun.os.patch.level: 
[DEBUG] test: MybatisPlusConfigTest
[DEBUG] testcontainers.version: 1.19.7
[DEBUG] thymeleaf-extras-data-attribute.version: 2.0.1
[DEBUG] thymeleaf-extras-springsecurity.version: 3.1.2.RELEASE
[DEBUG] thymeleaf-layout-dialect.version: 3.3.0
[DEBUG] thymeleaf.version: 3.1.2.RELEASE
[DEBUG] tomcat.version: 10.1.19
[DEBUG] unboundid-ldapsdk.version: 6.0.11
[DEBUG] undertow.version: 2.3.12.Final
[DEBUG] user.country: CN
[DEBUG] user.dir: C:\Users\pc\Desktop\vue\login-oauth2
[DEBUG] user.home: C:\Users\pc
[DEBUG] user.language: zh
[DEBUG] user.name: pc
[DEBUG] user.script: 
[DEBUG] user.variant: 
[DEBUG] versions-maven-plugin.version: 2.16.2
[DEBUG] webjars-locator-core.version: 0.55
[DEBUG] wsdl4j.version: 1.6.3
[DEBUG] xml-maven-plugin.version: 1.1.0
[DEBUG] xmlunit2.version: 2.9.1
[DEBUG] yasson.version: 3.0.3
[DEBUG] Using 'UTF-8' encoding to copy filtered resources.
[DEBUG] Using 'UTF-8' encoding to copy filtered properties files.
[DEBUG] resource with targetPath null
directory C:\Users\pc\Desktop\vue\login-oauth2\src\main\resources
excludes []
includes [**/application*.yml, **/application*.yaml, **/application*.properties]
[DEBUG] ignoreDelta true
[INFO] Copying 2 resources from src\main\resources to target\classes
[DEBUG] Copying file application-test.properties
[DEBUG] file application-test.properties has a filtered file extension
[DEBUG] Using 'UTF-8' encoding to copy filtered resource 'application-test.properties'.
[DEBUG] filtering C:\Users\pc\Desktop\vue\login-oauth2\src\main\resources\application-test.properties to C:\Users\pc\Desktop\vue\login-oauth2\target\classes\application-test.properties
[DEBUG] Copying file application.yml
[DEBUG] file application.yml has a filtered file extension
[DEBUG] Using 'UTF-8' encoding to copy filtered resource 'application.yml'.
[DEBUG] filtering C:\Users\pc\Desktop\vue\login-oauth2\src\main\resources\application.yml to C:\Users\pc\Desktop\vue\login-oauth2\target\classes\application.yml
[DEBUG] resource with targetPath null
directory C:\Users\pc\Desktop\vue\login-oauth2\src\main\resources
excludes [**/application*.yml, **/application*.yaml, **/application*.properties]
includes []
[DEBUG] ignoreDelta true
[INFO] Copying 8 resources from src\main\resources to target\classes
[DEBUG] Copying file mapper\ai\AiPredictResultMapper.xml
[DEBUG] file AiPredictResultMapper.xml has a filtered file extension
[DEBUG] Using 'UTF-8' encoding to copy filtered resource 'AiPredictResultMapper.xml'.
[DEBUG] copy C:\Users\pc\Desktop\vue\login-oauth2\src\main\resources\mapper\ai\AiPredictResultMapper.xml to C:\Users\pc\Desktop\vue\login-oauth2\target\classes\mapper\ai\AiPredictResultMapper.xml
[DEBUG] Copying file mapper\EquipmentMapper.xml
[DEBUG] file EquipmentMapper.xml has a filtered file extension
[DEBUG] Using 'UTF-8' encoding to copy filtered resource 'EquipmentMapper.xml'.
[DEBUG] copy C:\Users\pc\Desktop\vue\login-oauth2\src\main\resources\mapper\EquipmentMapper.xml to C:\Users\pc\Desktop\vue\login-oauth2\target\classes\mapper\EquipmentMapper.xml
[DEBUG] Copying file mapper\HistoryAlarmMapper.xml
[DEBUG] file HistoryAlarmMapper.xml has a filtered file extension
[DEBUG] Using 'UTF-8' encoding to copy filtered resource 'HistoryAlarmMapper.xml'.
[DEBUG] copy C:\Users\pc\Desktop\vue\login-oauth2\src\main\resources\mapper\HistoryAlarmMapper.xml to C:\Users\pc\Desktop\vue\login-oauth2\target\classes\mapper\HistoryAlarmMapper.xml
[DEBUG] Copying file mapper\PowerAlarmMapper.xml
[DEBUG] file PowerAlarmMapper.xml has a filtered file extension
[DEBUG] Using 'UTF-8' encoding to copy filtered resource 'PowerAlarmMapper.xml'.
[DEBUG] copy C:\Users\pc\Desktop\vue\login-oauth2\src\main\resources\mapper\PowerAlarmMapper.xml to C:\Users\pc\Desktop\vue\login-oauth2\target\classes\mapper\PowerAlarmMapper.xml
[DEBUG] Copying file mapper\PowerCapacityTestMapper.xml
[DEBUG] file PowerCapacityTestMapper.xml has a filtered file extension
[DEBUG] Using 'UTF-8' encoding to copy filtered resource 'PowerCapacityTestMapper.xml'.
[DEBUG] copy C:\Users\pc\Desktop\vue\login-oauth2\src\main\resources\mapper\PowerCapacityTestMapper.xml to C:\Users\pc\Desktop\vue\login-oauth2\target\classes\mapper\PowerCapacityTestMapper.xml
[DEBUG] Copying file mapper\PowerDeviceMapper.xml
[DEBUG] file PowerDeviceMapper.xml has a filtered file extension
[DEBUG] Using 'UTF-8' encoding to copy filtered resource 'PowerDeviceMapper.xml'.
[DEBUG] copy C:\Users\pc\Desktop\vue\login-oauth2\src\main\resources\mapper\PowerDeviceMapper.xml to C:\Users\pc\Desktop\vue\login-oauth2\target\classes\mapper\PowerDeviceMapper.xml
[DEBUG] Copying file mapper\PowerMonitorRecordMapper.xml
[DEBUG] file PowerMonitorRecordMapper.xml has a filtered file extension
[DEBUG] Using 'UTF-8' encoding to copy filtered resource 'PowerMonitorRecordMapper.xml'.
[DEBUG] copy C:\Users\pc\Desktop\vue\login-oauth2\src\main\resources\mapper\PowerMonitorRecordMapper.xml to C:\Users\pc\Desktop\vue\login-oauth2\target\classes\mapper\PowerMonitorRecordMapper.xml
[DEBUG] Copying file mapper\TrsDeviceMapper.xml
[DEBUG] file TrsDeviceMapper.xml has a filtered file extension
[DEBUG] Using 'UTF-8' encoding to copy filtered resource 'TrsDeviceMapper.xml'.
[DEBUG] copy C:\Users\pc\Desktop\vue\login-oauth2\src\main\resources\mapper\TrsDeviceMapper.xml to C:\Users\pc\Desktop\vue\login-oauth2\target\classes\mapper\TrsDeviceMapper.xml
[DEBUG] no user filter components
[INFO] 
[INFO] --- compiler:3.11.0:compile (default-compile) @ system-b ---
[DEBUG] Using mirror maven-default-http-blocker (http://0.0.0.0/) for apache.snapshots (http://repository.apache.org/snapshots).
[DEBUG] Dependency collection stats {ConflictMarker.analyzeTime=46600, ConflictMarker.markTime=19600, ConflictMarker.nodeCount=17, ConflictIdSorter.graphTime=22400, ConflictIdSorter.topsortTime=17100, ConflictIdSorter.conflictIdCount=12, ConflictIdSorter.conflictIdCycleCount=0, ConflictResolver.totalTime=259000, ConflictResolver.conflictItemCount=17, DfDependencyCollector.collectTime=29754400, DfDependencyCollector.transformTime=383800}
[DEBUG] org.apache.maven.plugins:maven-compiler-plugin:jar:3.11.0
[DEBUG]    org.apache.maven.shared:maven-shared-utils:jar:3.3.4:compile
[DEBUG]       commons-io:commons-io:jar:2.6:compile
[DEBUG]    org.apache.maven.shared:maven-shared-incremental:jar:1.1:compile
[DEBUG]       org.codehaus.plexus:plexus-component-annotations:jar:1.5.5:compile
[DEBUG]    org.codehaus.plexus:plexus-java:jar:1.1.2:compile
[DEBUG]       org.ow2.asm:asm:jar:9.4:compile
[DEBUG]       com.thoughtworks.qdox:qdox:jar:2.0.3:compile (version managed from default)
[DEBUG]    org.codehaus.plexus:plexus-compiler-api:jar:2.13.0:compile
[DEBUG]       org.codehaus.plexus:plexus-utils:jar:3.5.0:compile (version managed from default)
[DEBUG]    org.codehaus.plexus:plexus-compiler-manager:jar:2.13.0:compile
[DEBUG]    org.codehaus.plexus:plexus-compiler-javac:jar:2.13.0:runtime
[DEBUG] Created new class realm plugin>org.apache.maven.plugins:maven-compiler-plugin:3.11.0
[DEBUG] Importing foreign packages into class realm plugin>org.apache.maven.plugins:maven-compiler-plugin:3.11.0
[DEBUG]   Imported:  < maven.api
[DEBUG] Populating class realm plugin>org.apache.maven.plugins:maven-compiler-plugin:3.11.0
[DEBUG]   Included: org.apache.maven.plugins:maven-compiler-plugin:jar:3.11.0
[DEBUG]   Included: org.apache.maven.shared:maven-shared-utils:jar:3.3.4
[DEBUG]   Included: commons-io:commons-io:jar:2.6
[DEBUG]   Included: org.apache.maven.shared:maven-shared-incremental:jar:1.1
[DEBUG]   Included: org.codehaus.plexus:plexus-component-annotations:jar:1.5.5
[DEBUG]   Included: org.codehaus.plexus:plexus-java:jar:1.1.2
[DEBUG]   Included: org.ow2.asm:asm:jar:9.4
[DEBUG]   Included: com.thoughtworks.qdox:qdox:jar:2.0.3
[DEBUG]   Included: org.codehaus.plexus:plexus-compiler-api:jar:2.13.0
[DEBUG]   Included: org.codehaus.plexus:plexus-utils:jar:3.5.0
[DEBUG]   Included: org.codehaus.plexus:plexus-compiler-manager:jar:2.13.0
[DEBUG]   Included: org.codehaus.plexus:plexus-compiler-javac:jar:2.13.0
[DEBUG] Loading mojo org.apache.maven.plugins:maven-compiler-plugin:3.11.0:compile from plugin realm ClassRealm[plugin>org.apache.maven.plugins:maven-compiler-plugin:3.11.0, parent: jdk.internal.loader.ClassLoaders$AppClassLoader@6bc7c054]
[DEBUG] Configuring mojo execution 'org.apache.maven.plugins:maven-compiler-plugin:3.11.0:compile:default-compile' with basic configurator -->
[DEBUG]   (f) basedir = C:\Users\pc\Desktop\vue\login-oauth2
[DEBUG]   (f) buildDirectory = C:\Users\pc\Desktop\vue\login-oauth2\target
[DEBUG]   (f) compilePath = [C:\Users\pc\Desktop\vue\login-oauth2\target\classes, C:\Users\pc\.m2\repository\org\springframework\boot\spring-boot-starter-web\3.2.4\spring-boot-starter-web-3.2.4.jar, C:\Users\pc\.m2\repository\org\springframework\boot\spring-boot-starter\3.2.4\spring-boot-starter-3.2.4.jar, C:\Users\pc\.m2\repository\org\springframework\boot\spring-boot\3.2.4\spring-boot-3.2.4.jar, C:\Users\pc\.m2\repository\org\springframework\boot\spring-boot-starter-logging\3.2.4\spring-boot-starter-logging-3.2.4.jar, C:\Users\pc\.m2\repository\ch\qos\logback\logback-classic\1.4.14\logback-classic-1.4.14.jar, C:\Users\pc\.m2\repository\ch\qos\logback\logback-core\1.4.14\logback-core-1.4.14.jar, C:\Users\pc\.m2\repository\org\apache\logging\log4j\log4j-to-slf4j\2.21.1\log4j-to-slf4j-2.21.1.jar, C:\Users\pc\.m2\repository\org\apache\logging\log4j\log4j-api\2.21.1\log4j-api-2.21.1.jar, C:\Users\pc\.m2\repository\org\slf4j\jul-to-slf4j\2.0.12\jul-to-slf4j-2.0.12.jar, C:\Users\pc\.m2\repository\jakarta\annotation\jakarta.annotation-api\2.1.1\jakarta.annotation-api-2.1.1.jar, C:\Users\pc\.m2\repository\org\yaml\snakeyaml\2.2\snakeyaml-2.2.jar, C:\Users\pc\.m2\repository\org\springframework\boot\spring-boot-starter-json\3.2.4\spring-boot-starter-json-3.2.4.jar, C:\Users\pc\.m2\repository\com\fasterxml\jackson\datatype\jackson-datatype-jdk8\2.15.4\jackson-datatype-jdk8-2.15.4.jar, C:\Users\pc\.m2\repository\com\fasterxml\jackson\datatype\jackson-datatype-jsr310\2.15.4\jackson-datatype-jsr310-2.15.4.jar, C:\Users\pc\.m2\repository\com\fasterxml\jackson\module\jackson-module-parameter-names\2.15.4\jackson-module-parameter-names-2.15.4.jar, C:\Users\pc\.m2\repository\org\springframework\boot\spring-boot-starter-tomcat\3.2.4\spring-boot-starter-tomcat-3.2.4.jar, C:\Users\pc\.m2\repository\org\apache\tomcat\embed\tomcat-embed-core\10.1.19\tomcat-embed-core-10.1.19.jar, C:\Users\pc\.m2\repository\org\apache\tomcat\embed\tomcat-embed-websocket\10.1.19\tomcat-embed-websocket-10.1.19.jar, C:\Users\pc\.m2\repository\org\springframework\spring-web\6.1.5\spring-web-6.1.5.jar, C:\Users\pc\.m2\repository\org\springframework\spring-beans\6.1.5\spring-beans-6.1.5.jar, C:\Users\pc\.m2\repository\org\springframework\spring-webmvc\6.1.5\spring-webmvc-6.1.5.jar, C:\Users\pc\.m2\repository\org\springframework\spring-context\6.1.5\spring-context-6.1.5.jar, C:\Users\pc\.m2\repository\org\springframework\spring-expression\6.1.5\spring-expression-6.1.5.jar, C:\Users\pc\.m2\repository\org\springframework\boot\spring-boot-starter-security\3.2.4\spring-boot-starter-security-3.2.4.jar, C:\Users\pc\.m2\repository\org\springframework\spring-aop\6.1.5\spring-aop-6.1.5.jar, C:\Users\pc\.m2\repository\org\springframework\security\spring-security-config\6.2.3\spring-security-config-6.2.3.jar, C:\Users\pc\.m2\repository\org\springframework\security\spring-security-web\6.2.3\spring-security-web-6.2.3.jar, C:\Users\pc\.m2\repository\org\springframework\boot\spring-boot-starter-validation\3.2.4\spring-boot-starter-validation-3.2.4.jar, C:\Users\pc\.m2\repository\org\apache\tomcat\embed\tomcat-embed-el\10.1.19\tomcat-embed-el-10.1.19.jar, C:\Users\pc\.m2\repository\org\hibernate\validator\hibernate-validator\8.0.1.Final\hibernate-validator-8.0.1.Final.jar, C:\Users\pc\.m2\repository\jakarta\validation\jakarta.validation-api\3.0.2\jakarta.validation-api-3.0.2.jar, C:\Users\pc\.m2\repository\org\jboss\logging\jboss-logging\3.5.3.Final\jboss-logging-3.5.3.Final.jar, C:\Users\pc\.m2\repository\com\fasterxml\classmate\1.6.0\classmate-1.6.0.jar, C:\Users\pc\.m2\repository\org\springframework\boot\spring-boot-starter-actuator\3.2.4\spring-boot-starter-actuator-3.2.4.jar, C:\Users\pc\.m2\repository\org\springframework\boot\spring-boot-actuator-autoconfigure\3.2.4\spring-boot-actuator-autoconfigure-3.2.4.jar, C:\Users\pc\.m2\repository\org\springframework\boot\spring-boot-actuator\3.2.4\spring-boot-actuator-3.2.4.jar, C:\Users\pc\.m2\repository\io\micrometer\micrometer-observation\1.12.4\micrometer-observation-1.12.4.jar, C:\Users\pc\.m2\repository\io\micrometer\micrometer-commons\1.12.4\micrometer-commons-1.12.4.jar, C:\Users\pc\.m2\repository\io\micrometer\micrometer-jakarta9\1.12.4\micrometer-jakarta9-1.12.4.jar, C:\Users\pc\.m2\repository\io\micrometer\micrometer-core\1.12.4\micrometer-core-1.12.4.jar, C:\Users\pc\.m2\repository\org\springframework\boot\spring-boot-starter-cache\3.2.4\spring-boot-starter-cache-3.2.4.jar, C:\Users\pc\.m2\repository\org\springframework\spring-context-support\6.1.5\spring-context-support-6.1.5.jar, C:\Users\pc\.m2\repository\com\github\ben-manes\caffeine\caffeine\3.1.8\caffeine-3.1.8.jar, C:\Users\pc\.m2\repository\org\checkerframework\checker-qual\3.37.0\checker-qual-3.37.0.jar, C:\Users\pc\.m2\repository\com\google\errorprone\error_prone_annotations\2.21.1\error_prone_annotations-2.21.1.jar, C:\Users\pc\.m2\repository\org\springframework\boot\spring-boot-starter-data-redis\3.2.4\spring-boot-starter-data-redis-3.2.4.jar, C:\Users\pc\.m2\repository\io\lettuce\lettuce-core\6.3.2.RELEASE\lettuce-core-6.3.2.RELEASE.jar, C:\Users\pc\.m2\repository\io\netty\netty-common\4.1.107.Final\netty-common-4.1.107.Final.jar, C:\Users\pc\.m2\repository\io\netty\netty-handler\4.1.107.Final\netty-handler-4.1.107.Final.jar, C:\Users\pc\.m2\repository\io\netty\netty-resolver\4.1.107.Final\netty-resolver-4.1.107.Final.jar, C:\Users\pc\.m2\repository\io\netty\netty-buffer\4.1.107.Final\netty-buffer-4.1.107.Final.jar, C:\Users\pc\.m2\repository\io\netty\netty-transport-native-unix-common\4.1.107.Final\netty-transport-native-unix-common-4.1.107.Final.jar, C:\Users\pc\.m2\repository\io\netty\netty-codec\4.1.107.Final\netty-codec-4.1.107.Final.jar, C:\Users\pc\.m2\repository\io\netty\netty-transport\4.1.107.Final\netty-transport-4.1.107.Final.jar, C:\Users\pc\.m2\repository\io\projectreactor\reactor-core\3.6.4\reactor-core-3.6.4.jar, C:\Users\pc\.m2\repository\org\reactivestreams\reactive-streams\1.0.4\reactive-streams-1.0.4.jar, C:\Users\pc\.m2\repository\org\springframework\data\spring-data-redis\3.2.4\spring-data-redis-3.2.4.jar, C:\Users\pc\.m2\repository\org\springframework\data\spring-data-keyvalue\3.2.4\spring-data-keyvalue-3.2.4.jar, C:\Users\pc\.m2\repository\org\springframework\data\spring-data-commons\3.2.4\spring-data-commons-3.2.4.jar, C:\Users\pc\.m2\repository\org\springframework\spring-tx\6.1.5\spring-tx-6.1.5.jar, C:\Users\pc\.m2\repository\org\springframework\spring-oxm\6.1.5\spring-oxm-6.1.5.jar, C:\Users\pc\.m2\repository\org\slf4j\slf4j-api\2.0.12\slf4j-api-2.0.12.jar, C:\Users\pc\.m2\repository\com\mysql\mysql-connector-j\8.0.33\mysql-connector-j-8.0.33.jar, C:\Users\pc\.m2\repository\org\springframework\boot\spring-boot-starter-webflux\3.2.4\spring-boot-starter-webflux-3.2.4.jar, C:\Users\pc\.m2\repository\org\springframework\boot\spring-boot-starter-reactor-netty\3.2.4\spring-boot-starter-reactor-netty-3.2.4.jar, C:\Users\pc\.m2\repository\io\projectreactor\netty\reactor-netty-http\1.1.17\reactor-netty-http-1.1.17.jar, C:\Users\pc\.m2\repository\io\netty\netty-codec-http\4.1.107.Final\netty-codec-http-4.1.107.Final.jar, C:\Users\pc\.m2\repository\io\netty\netty-codec-http2\4.1.107.Final\netty-codec-http2-4.1.107.Final.jar, C:\Users\pc\.m2\repository\io\netty\netty-resolver-dns\4.1.107.Final\netty-resolver-dns-4.1.107.Final.jar, C:\Users\pc\.m2\repository\io\netty\netty-codec-dns\4.1.107.Final\netty-codec-dns-4.1.107.Final.jar, C:\Users\pc\.m2\repository\io\netty\netty-resolver-dns-native-macos\4.1.107.Final\netty-resolver-dns-native-macos-4.1.107.Final-osx-x86_64.jar, C:\Users\pc\.m2\repository\io\netty\netty-resolver-dns-classes-macos\4.1.107.Final\netty-resolver-dns-classes-macos-4.1.107.Final.jar, C:\Users\pc\.m2\repository\io\netty\netty-transport-native-epoll\4.1.107.Final\netty-transport-native-epoll-4.1.107.Final-linux-x86_64.jar, C:\Users\pc\.m2\repository\io\netty\netty-transport-classes-epoll\4.1.107.Final\netty-transport-classes-epoll-4.1.107.Final.jar, C:\Users\pc\.m2\repository\io\projectreactor\netty\reactor-netty-core\1.1.17\reactor-netty-core-1.1.17.jar, C:\Users\pc\.m2\repository\io\netty\netty-handler-proxy\4.1.107.Final\netty-handler-proxy-4.1.107.Final.jar, C:\Users\pc\.m2\repository\io\netty\netty-codec-socks\4.1.107.Final\netty-codec-socks-4.1.107.Final.jar, C:\Users\pc\.m2\repository\org\springframework\spring-webflux\6.1.5\spring-webflux-6.1.5.jar, C:\Users\pc\.m2\repository\com\baomidou\mybatis-plus-spring-boot3-starter\3.5.7\mybatis-plus-spring-boot3-starter-3.5.7.jar, C:\Users\pc\.m2\repository\com\baomidou\mybatis-plus\3.5.7\mybatis-plus-3.5.7.jar, C:\Users\pc\.m2\repository\com\baomidou\mybatis-plus-core\3.5.7\mybatis-plus-core-3.5.7.jar, C:\Users\pc\.m2\repository\com\baomidou\mybatis-plus-annotation\3.5.7\mybatis-plus-annotation-3.5.7.jar, C:\Users\pc\.m2\repository\com\baomidou\mybatis-plus-extension\3.5.7\mybatis-plus-extension-3.5.7.jar, C:\Users\pc\.m2\repository\org\mybatis\mybatis\3.5.16\mybatis-3.5.16.jar, C:\Users\pc\.m2\repository\com\github\jsqlparser\jsqlparser\4.9\jsqlparser-4.9.jar, C:\Users\pc\.m2\repository\org\mybatis\mybatis-spring\3.0.3\mybatis-spring-3.0.3.jar, C:\Users\pc\.m2\repository\com\baomidou\mybatis-plus-spring-boot-autoconfigure\3.5.7\mybatis-plus-spring-boot-autoconfigure-3.5.7.jar, C:\Users\pc\.m2\repository\org\springframework\boot\spring-boot-autoconfigure\3.2.4\spring-boot-autoconfigure-3.2.4.jar, C:\Users\pc\.m2\repository\org\springframework\boot\spring-boot-starter-jdbc\3.2.4\spring-boot-starter-jdbc-3.2.4.jar, C:\Users\pc\.m2\repository\com\zaxxer\HikariCP\5.0.1\HikariCP-5.0.1.jar, C:\Users\pc\.m2\repository\org\springframework\spring-jdbc\6.1.5\spring-jdbc-6.1.5.jar, C:\Users\pc\.m2\repository\io\jsonwebtoken\jjwt-api\0.11.5\jjwt-api-0.11.5.jar, C:\Users\pc\.m2\repository\com\fasterxml\jackson\core\jackson-databind\2.15.4\jackson-databind-2.15.4.jar, C:\Users\pc\.m2\repository\com\fasterxml\jackson\core\jackson-annotations\2.15.4\jackson-annotations-2.15.4.jar, C:\Users\pc\.m2\repository\com\fasterxml\jackson\core\jackson-core\2.15.4\jackson-core-2.15.4.jar, C:\Users\pc\.m2\repository\org\springframework\boot\spring-boot-starter-oauth2-client\3.2.4\spring-boot-starter-oauth2-client-3.2.4.jar, C:\Users\pc\.m2\repository\org\springframework\security\spring-security-core\6.2.3\spring-security-core-6.2.3.jar, C:\Users\pc\.m2\repository\org\springframework\security\spring-security-crypto\6.2.3\spring-security-crypto-6.2.3.jar, C:\Users\pc\.m2\repository\org\springframework\security\spring-security-oauth2-client\6.2.3\spring-security-oauth2-client-6.2.3.jar, C:\Users\pc\.m2\repository\org\springframework\security\spring-security-oauth2-core\6.2.3\spring-security-oauth2-core-6.2.3.jar, C:\Users\pc\.m2\repository\com\nimbusds\oauth2-oidc-sdk\9.43.3\oauth2-oidc-sdk-9.43.3.jar, C:\Users\pc\.m2\repository\com\github\stephenc\jcip\jcip-annotations\1.0-1\jcip-annotations-1.0-1.jar, C:\Users\pc\.m2\repository\com\nimbusds\content-type\2.2\content-type-2.2.jar, C:\Users\pc\.m2\repository\com\nimbusds\lang-tag\1.7\lang-tag-1.7.jar, C:\Users\pc\.m2\repository\org\springframework\security\spring-security-oauth2-jose\6.2.3\spring-security-oauth2-jose-6.2.3.jar, C:\Users\pc\.m2\repository\com\nimbusds\nimbus-jose-jwt\9.24.4\nimbus-jose-jwt-9.24.4.jar, C:\Users\pc\.m2\repository\org\springframework\boot\spring-boot-starter-oauth2-authorization-server\3.2.4\spring-boot-starter-oauth2-authorization-server-3.2.4.jar, C:\Users\pc\.m2\repository\org\springframework\security\spring-security-oauth2-authorization-server\1.2.3\spring-security-oauth2-authorization-server-1.2.3.jar, C:\Users\pc\.m2\repository\org\springframework\security\spring-security-oauth2-resource-server\6.2.3\spring-security-oauth2-resource-server-6.2.3.jar, C:\Users\pc\.m2\repository\org\springframework\ai\spring-ai-starter-model-ollama\1.0.2\spring-ai-starter-model-ollama-1.0.2.jar, C:\Users\pc\.m2\repository\org\springframework\ai\spring-ai-autoconfigure-model-ollama\1.0.2\spring-ai-autoconfigure-model-ollama-1.0.2.jar, C:\Users\pc\.m2\repository\org\springframework\ai\spring-ai-autoconfigure-retry\1.0.2\spring-ai-autoconfigure-retry-1.0.2.jar, C:\Users\pc\.m2\repository\org\springframework\ai\spring-ai-autoconfigure-model-tool\1.0.2\spring-ai-autoconfigure-model-tool-1.0.2.jar, C:\Users\pc\.m2\repository\org\springframework\ai\spring-ai-autoconfigure-model-chat-observation\1.0.2\spring-ai-autoconfigure-model-chat-observation-1.0.2.jar, C:\Users\pc\.m2\repository\org\springframework\ai\spring-ai-autoconfigure-model-embedding-observation\1.0.2\spring-ai-autoconfigure-model-embedding-observation-1.0.2.jar, C:\Users\pc\.m2\repository\org\springframework\ai\spring-ai-ollama\1.0.2\spring-ai-ollama-1.0.2.jar, C:\Users\pc\.m2\repository\org\springframework\ai\spring-ai-model\1.0.2\spring-ai-model-1.0.2.jar, C:\Users\pc\.m2\repository\org\springframework\ai\spring-ai-commons\1.0.2\spring-ai-commons-1.0.2.jar, C:\Users\pc\.m2\repository\io\micrometer\context-propagation\1.1.3\context-propagation-1.1.3.jar, C:\Users\pc\.m2\repository\org\springframework\ai\spring-ai-template-st\1.0.2\spring-ai-template-st-1.0.2.jar, C:\Users\pc\.m2\repository\org\antlr\ST4\4.3.4\ST4-4.3.4.jar, C:\Users\pc\.m2\repository\org\antlr\antlr-runtime\3.5.3\antlr-runtime-3.5.3.jar, C:\Users\pc\.m2\repository\org\springframework\spring-messaging\6.1.5\spring-messaging-6.1.5.jar, C:\Users\pc\.m2\repository\org\antlr\antlr4-runtime\4.13.1\antlr4-runtime-4.13.1.jar, C:\Users\pc\.m2\repository\com\github\victools\jsonschema-generator\4.37.0\jsonschema-generator-4.37.0.jar, C:\Users\pc\.m2\repository\com\github\victools\jsonschema-module-jackson\4.37.0\jsonschema-module-jackson-4.37.0.jar, C:\Users\pc\.m2\repository\com\github\victools\jsonschema-module-swagger-2\4.37.0\jsonschema-module-swagger-2-4.37.0.jar, C:\Users\pc\.m2\repository\io\swagger\core\v3\swagger-annotations-jakarta\2.2.30\swagger-annotations-jakarta-2.2.30.jar, C:\Users\pc\.m2\repository\org\springframework\ai\spring-ai-retry\1.0.2\spring-ai-retry-1.0.2.jar, C:\Users\pc\.m2\repository\org\springframework\retry\spring-retry\2.0.5\spring-retry-2.0.5.jar, C:\Users\pc\.m2\repository\org\springframework\ai\spring-ai-autoconfigure-model-chat-client\1.0.2\spring-ai-autoconfigure-model-chat-client-1.0.2.jar, C:\Users\pc\.m2\repository\org\springframework\ai\spring-ai-client-chat\1.0.2\spring-ai-client-chat-1.0.2.jar, C:\Users\pc\.m2\repository\com\fasterxml\jackson\module\jackson-module-jsonSchema\2.15.4\jackson-module-jsonSchema-2.15.4.jar, C:\Users\pc\.m2\repository\javax\validation\validation-api\1.1.0.Final\validation-api-1.1.0.Final.jar, C:\Users\pc\.m2\repository\com\knuddels\jtokkit\1.1.0\jtokkit-1.1.0.jar, C:\Users\pc\.m2\repository\org\springframework\ai\spring-ai-autoconfigure-model-chat-memory\1.0.2\spring-ai-autoconfigure-model-chat-memory-1.0.2.jar, C:\Users\pc\.m2\repository\org\projectlombok\lombok\1.18.30\lombok-1.18.30.jar, C:\Users\pc\.m2\repository\cn\hutool\hutool-all\5.8.25\hutool-all-5.8.25.jar, C:\Users\pc\.m2\repository\net\minidev\json-smart\2.5.0\json-smart-2.5.0.jar, C:\Users\pc\.m2\repository\net\minidev\accessors-smart\2.5.0\accessors-smart-2.5.0.jar, C:\Users\pc\.m2\repository\org\ow2\asm\asm\9.3\asm-9.3.jar, C:\Users\pc\.m2\repository\org\springframework\spring-core\6.1.5\spring-core-6.1.5.jar, C:\Users\pc\.m2\repository\org\springframework\spring-jcl\6.1.5\spring-jcl-6.1.5.jar]
[DEBUG]   (f) compileSourceRoots = [C:\Users\pc\Desktop\vue\login-oauth2\src\main\java]
[DEBUG]   (f) compilerId = javac
[DEBUG]   (f) createMissingPackageInfoClass = true
[DEBUG]   (f) debug = true
[DEBUG]   (f) debugFileName = javac
[DEBUG]   (f) enablePreview = false
[DEBUG]   (f) encoding = UTF-8
[DEBUG]   (f) failOnError = true
[DEBUG]   (f) failOnWarning = false
[DEBUG]   (f) forceJavacCompilerUse = false
[DEBUG]   (f) fork = false
[DEBUG]   (f) generatedSourcesDirectory = C:\Users\pc\Desktop\vue\login-oauth2\target\generated-sources\annotations
[DEBUG]   (f) mojoExecution = org.apache.maven.plugins:maven-compiler-plugin:3.11.0:compile {execution: default-compile}
[DEBUG]   (f) optimize = false
[DEBUG]   (f) outputDirectory = C:\Users\pc\Desktop\vue\login-oauth2\target\classes
[DEBUG]   (f) parameters = true
[DEBUG]   (f) project = MavenProject: com.system.b:system-b:0.0.1-SNAPSHOT @ C:\Users\pc\Desktop\vue\login-oauth2\pom.xml
[DEBUG]   (f) projectArtifact = com.system.b:system-b:jar:0.0.1-SNAPSHOT
[DEBUG]   (s) release = 17
[DEBUG]   (f) session = org.apache.maven.execution.MavenSession@33f2df51
[DEBUG]   (f) showCompilationChanges = false
[DEBUG]   (f) showDeprecation = false
[DEBUG]   (f) showWarnings = true
[DEBUG]   (f) skipMultiThreadWarning = false
[DEBUG]   (f) source = 17
[DEBUG]   (f) staleMillis = 0
[DEBUG]   (s) target = 17
[DEBUG]   (f) useIncrementalCompilation = true
[DEBUG]   (f) verbose = false
[DEBUG] -- end configuration --
[DEBUG] Using compiler 'javac'.
[DEBUG] Adding C:\Users\pc\Desktop\vue\login-oauth2\target\generated-sources\annotations to compile source roots:
  C:\Users\pc\Desktop\vue\login-oauth2\src\main\java
[DEBUG] New compile source roots:
  C:\Users\pc\Desktop\vue\login-oauth2\src\main\java
  C:\Users\pc\Desktop\vue\login-oauth2\target\generated-sources\annotations
[DEBUG] CompilerReuseStrategy: reuseCreated
[DEBUG] useIncrementalCompilation enabled
[DEBUG] Stale source detected: C:\Users\pc\Desktop\vue\login-oauth2\src\main\java\com\system\ai\predict\config\TimemoeClientConfiguration.java
[DEBUG] Stale source detected: C:\Users\pc\Desktop\vue\login-oauth2\src\main\java\com\system\login\service\auth\impl\AuthServiceImpl.java
[DEBUG] Stale source detected: C:\Users\pc\Desktop\vue\login-oauth2\src\main\java\com\system\login\security\CustomOAuth2PasswordAuthenticationProvider.java
[DEBUG] Stale source detected: C:\Users\pc\Desktop\vue\login-oauth2\src\main\java\com\system\ai\predict\taos\TaosQueryResult.java
[DEBUG] Stale source detected: C:\Users\pc\Desktop\vue\login-oauth2\src\main\java\com\system\ai\predict\client\HttpTimemoeClient.java
[DEBUG] Stale source detected: C:\Users\pc\Desktop\vue\login-oauth2\src\main\java\com\system\ai\predict\client\dto\TimemoeHealthResponse.java
[DEBUG] Stale source detected: C:\Users\pc\Desktop\vue\login-oauth2\src\main\java\com\system\equipmenttypemanagement\domain\vo\Result.java
[DEBUG] Stale source detected: C:\Users\pc\Desktop\vue\login-oauth2\src\main\java\com\system\ai\tools\LocalTool.java
[DEBUG] Stale source detected: C:\Users\pc\Desktop\vue\login-oauth2\src\main\java\com\system\login\config\OAuth2AuthorizationServerConfig.java
[DEBUG] Stale source detected: C:\Users\pc\Desktop\vue\login-oauth2\src\main\java\com\system\login\security\TokenStatusFilter.java
[DEBUG] Stale source detected: C:\Users\pc\Desktop\vue\login-oauth2\src\main\java\com\system\login\controller\TenantController.java
[DEBUG] Stale source detected: C:\Users\pc\Desktop\vue\login-oauth2\src\main\java\com\system\login\security\tenant\TenantFilter.java
[DEBUG] Stale source detected: C:\Users\pc\Desktop\vue\login-oauth2\src\main\java\com\system\login\mapper\RoleMapper.java
[DEBUG] Stale source detected: C:\Users\pc\Desktop\vue\login-oauth2\src\main\java\com\system\ai\predict\client\dto\AgingForecastPoint.java
[DEBUG] Stale source detected: C:\Users\pc\Desktop\vue\login-oauth2\src\main\java\com\system\ai\predict\controller\dto\FaultPredictApiRequest.java
[DEBUG] Stale source detected: C:\Users\pc\Desktop\vue\login-oauth2\src\main\java\com\system\ai\predict\controller\dto\BatchPredictApiRequest.java
[DEBUG] Stale source detected: C:\Users\pc\Desktop\vue\login-oauth2\src\main\java\com\system\trsmanagement\mapper\TrsDeviceMapper.java
[DEBUG] Stale source detected: C:\Users\pc\Desktop\vue\login-oauth2\src\main\java\com\system\ai\predict\service\support\TimemoeRequestAssembler.java
[DEBUG] Stale source detected: C:\Users\pc\Desktop\vue\login-oauth2\src\main\java\com\system\login\config\OAuth2ClientProperties.java
[DEBUG] Stale source detected: C:\Users\pc\Desktop\vue\login-oauth2\src\main\java\com\system\login\service\auth\impl\PermissionServiceImpl.java
[DEBUG] Stale source detected: C:\Users\pc\Desktop\vue\login-oauth2\src\main\java\com\system\login\service\tenant\TenantService.java
[DEBUG] Stale source detected: C:\Users\pc\Desktop\vue\login-oauth2\src\main\java\com\system\login\service\auth\UserService.java
[DEBUG] Stale source detected: C:\Users\pc\Desktop\vue\login-oauth2\src\main\java\com\system\powermanagement\mapper\PowerDeviceMapper.java
[DEBUG] Stale source detected: C:\Users\pc\Desktop\vue\login-oauth2\src\main\java\com\system\trsmanagement\domain\entity\TrsDevice.java
[DEBUG] Stale source detected: C:\Users\pc\Desktop\vue\login-oauth2\src\main\java\com\system\login\mapper\UserMapper.java
[DEBUG] Stale source detected: C:\Users\pc\Desktop\vue\login-oauth2\src\main\java\com\system\login\domain\vo\LoginRequest.java
[DEBUG] Stale source detected: C:\Users\pc\Desktop\vue\login-oauth2\src\main\java\com\system\ai\predict\client\dto\FaultPredictResult.java
[DEBUG] Stale source detected: C:\Users\pc\Desktop\vue\login-oauth2\src\main\java\com\system\powermanagement\service\PowerDeviceService.java
[DEBUG] Stale source detected: C:\Users\pc\Desktop\vue\login-oauth2\src\main\java\com\system\login\domain\entity\Permission.java
[DEBUG] Stale source detected: C:\Users\pc\Desktop\vue\login-oauth2\src\main\java\com\system\powermanagement\controller\AlarmOptionController.java
[DEBUG] Stale source detected: C:\Users\pc\Desktop\vue\login-oauth2\src\main\java\com\system\login\service\auth\RoleService.java
[DEBUG] Stale source detected: C:\Users\pc\Desktop\vue\login-oauth2\src\main\java\com\system\powermanagement\service\PowerAlarmService.java
[DEBUG] Stale source detected: C:\Users\pc\Desktop\vue\login-oauth2\src\main\java\com\system\ai\predict\client\dto\TimemoeMetadata.java
[DEBUG] Stale source detected: C:\Users\pc\Desktop\vue\login-oauth2\src\main\java\com\system\powermanagement\domain\enums\AlarmLevel.java
[DEBUG] Stale source detected: C:\Users\pc\Desktop\vue\login-oauth2\src\main\java\com\system\login\config\WebMvcConfig.java
[DEBUG] Stale source detected: C:\Users\pc\Desktop\vue\login-oauth2\src\main\java\com\system\ai\predict\repository\DeviceHealthRepository.java
[DEBUG] Stale source detected: C:\Users\pc\Desktop\vue\login-oauth2\src\main\java\com\system\ai\predict\controller\PredictExceptionHandler.java
[DEBUG] Stale source detected: C:\Users\pc\Desktop\vue\login-oauth2\src\main\java\com\system\ai\predict\scheduler\PredictBatchScheduler.java
[DEBUG] Stale source detected: C:\Users\pc\Desktop\vue\login-oauth2\src\main\java\com\system\ai\predict\exception\TaosAccessException.java
[DEBUG] Stale source detected: C:\Users\pc\Desktop\vue\login-oauth2\src\main\java\com\system\login\service\auth\PermissionService.java
[DEBUG] Stale source detected: C:\Users\pc\Desktop\vue\login-oauth2\src\main\java\com\system\login\controller\UserController.java
[DEBUG] Stale source detected: C:\Users\pc\Desktop\vue\login-oauth2\src\main\java\com\system\login\security\debug\CheckSecurityContextFilter.java
[DEBUG] Stale source detected: C:\Users\pc\Desktop\vue\login-oauth2\src\main\java\com\system\login\service\auth\HybridAuthService.java
[DEBUG] Stale source detected: C:\Users\pc\Desktop\vue\login-oauth2\src\main\java\com\system\ai\predict\config\PredictSchedulerProperties.java
[DEBUG] Stale source detected: C:\Users\pc\Desktop\vue\login-oauth2\src\main\java\com\system\login\mapper\PermissionMapper.java
[DEBUG] Stale source detected: C:\Users\pc\Desktop\vue\login-oauth2\src\main\java\com\system\powermanagement\domain\vo\Result.java
[DEBUG] Stale source detected: C:\Users\pc\Desktop\vue\login-oauth2\src\main\java\com\system\ai\domain\vo\ChatRequest.java
[DEBUG] Stale source detected: C:\Users\pc\Desktop\vue\login-oauth2\src\main\java\com\system\login\security\JwtAuthenticationFilter.java
[DEBUG] Stale source detected: C:\Users\pc\Desktop\vue\login-oauth2\src\main\java\com\system\login\controller\SystemAApiController.java
[DEBUG] Stale source detected: C:\Users\pc\Desktop\vue\login-oauth2\src\main\java\com\system\ai\controller\AiChatController.java
[DEBUG] Stale source detected: C:\Users\pc\Desktop\vue\login-oauth2\src\main\java\com\system\login\security\permission\PermissionInterceptor.java
[DEBUG] Stale source detected: C:\Users\pc\Desktop\vue\login-oauth2\src\main\java\com\system\powermanagement\domain\dto\AlarmProcessDTO.java
[DEBUG] Stale source detected: C:\Users\pc\Desktop\vue\login-oauth2\src\main\java\com\system\ai\predict\mapper\AiPredictResultMapper.java
[DEBUG] Stale source detected: C:\Users\pc\Desktop\vue\login-oauth2\src\main\java\com\system\ai\tools\ToolRegistry.java
[DEBUG] Stale source detected: C:\Users\pc\Desktop\vue\login-oauth2\src\main\java\com\system\powermanagement\mapper\PowerMonitorRecordMapper.java
[DEBUG] Stale source detected: C:\Users\pc\Desktop\vue\login-oauth2\src\main\java\com\system\equipmenttypemanagement\controller\EquipmentTypeController.java
[DEBUG] Stale source detected: C:\Users\pc\Desktop\vue\login-oauth2\src\main\java\com\system\powermanagement\domain\dto\PowerAlarmQueryDTO.java
[DEBUG] Stale source detected: C:\Users\pc\Desktop\vue\login-oauth2\src\main\java\com\system\ai\predict\controller\vo\ApiResponse.java
[DEBUG] Stale source detected: C:\Users\pc\Desktop\vue\login-oauth2\src\main\java\com\system\ai\service\AiChatService.java
[DEBUG] Stale source detected: C:\Users\pc\Desktop\vue\login-oauth2\src\main\java\com\system\login\domain\entity\Tenant.java
[DEBUG] Stale source detected: C:\Users\pc\Desktop\vue\login-oauth2\src\main\java\com\system\login\security\permission\RequirePermission.java
[DEBUG] Stale source detected: C:\Users\pc\Desktop\vue\login-oauth2\src\main\java\com\system\login\domain\entity\RolePermission.java
[DEBUG] Stale source detected: C:\Users\pc\Desktop\vue\login-oauth2\src\main\java\com\system\config\CacheConfig.java
[DEBUG] Stale source detected: C:\Users\pc\Desktop\vue\login-oauth2\src\main\java\com\system\equipmenttypemanagement\domain\vo\PageResult.java
[DEBUG] Stale source detected: C:\Users\pc\Desktop\vue\login-oauth2\src\main\java\com\system\login\security\UserDetailsServiceImpl.java
[DEBUG] Stale source detected: C:\Users\pc\Desktop\vue\login-oauth2\src\main\java\com\system\ai\predict\client\dto\FaultPredictResponse.java
[DEBUG] Stale source detected: C:\Users\pc\Desktop\vue\login-oauth2\src\main\java\com\system\ai\predict\client\dto\TimemoePredictRequest.java
[DEBUG] Stale source detected: C:\Users\pc\Desktop\vue\login-oauth2\src\main\java\com\system\login\service\oauth2\OAuth2TokenService.java
[DEBUG] Stale source detected: C:\Users\pc\Desktop\vue\login-oauth2\src\main\java\com\system\alarm\domain\dto\HistoryAlarmQueryDTO.java
[DEBUG] Stale source detected: C:\Users\pc\Desktop\vue\login-oauth2\src\main\java\com\system\ai\predict\service\PredictionResultService.java
[DEBUG] Stale source detected: C:\Users\pc\Desktop\vue\login-oauth2\src\main\java\com\system\ai\predict\config\PredictCacheProperties.java
[DEBUG] Stale source detected: C:\Users\pc\Desktop\vue\login-oauth2\src\main\java\com\system\ai\predict\controller\dto\BasePredictRequest.java
[DEBUG] Stale source detected: C:\Users\pc\Desktop\vue\login-oauth2\src\main\java\com\system\ai\predict\client\dto\AgingPredictResponse.java
[DEBUG] Stale source detected: C:\Users\pc\Desktop\vue\login-oauth2\src\main\java\com\system\ai\predict\service\AgingPredictService.java
[DEBUG] Stale source detected: C:\Users\pc\Desktop\vue\login-oauth2\src\main\java\com\system\powermanagement\domain\vo\AlarmStatisticsVO.java
[DEBUG] Stale source detected: C:\Users\pc\Desktop\vue\login-oauth2\src\main\java\com\system\ai\predict\model\DeviceMetadata.java
[DEBUG] Stale source detected: C:\Users\pc\Desktop\vue\login-oauth2\src\main\java\com\system\login\service\auth\impl\HybridAuthServiceImpl.java
[DEBUG] Stale source detected: C:\Users\pc\Desktop\vue\login-oauth2\src\main\java\com\system\ai\predict\client\dto\TimemoeHistoricalDataPoint.java
[DEBUG] Stale source detected: C:\Users\pc\Desktop\vue\login-oauth2\src\main\java\com\system\login\config\MybatisPlusConfig.java
[DEBUG] Stale source detected: C:\Users\pc\Desktop\vue\login-oauth2\src\main\java\com\system\login\config\JwtConfig.java
[DEBUG] Stale source detected: C:\Users\pc\Desktop\vue\login-oauth2\src\main\java\com\system\login\config\SecurityConfig.java
[DEBUG] Stale source detected: C:\Users\pc\Desktop\vue\login-oauth2\src\main\java\com\system\login\controller\PermissionController.java
[DEBUG] Stale source detected: C:\Users\pc\Desktop\vue\login-oauth2\src\main\java\com\system\ai\predict\service\BatchPredictService.java
[DEBUG] Stale source detected: C:\Users\pc\Desktop\vue\login-oauth2\src\main\java\com\system\ai\predict\client\exception\TimemoeClientException.java
[DEBUG] Stale source detected: C:\Users\pc\Desktop\vue\login-oauth2\src\main\java\com\system\ai\predict\taos\TaosRestClient.java
[DEBUG] Stale source detected: C:\Users\pc\Desktop\vue\login-oauth2\src\main\java\com\system\equipmenttypemanagement\service\impl\EquipmentTypeServiceImpl.java
[DEBUG] Stale source detected: C:\Users\pc\Desktop\vue\login-oauth2\src\main\java\com\system\ai\predict\config\SchedulingConfig.java
[DEBUG] Stale source detected: C:\Users\pc\Desktop\vue\login-oauth2\src\main\java\com\system\login\service\oauth2\SystemAApiService.java
[DEBUG] Stale source detected: C:\Users\pc\Desktop\vue\login-oauth2\src\main\java\com\system\ai\predict\config\TaosProperties.java
[DEBUG] Stale source detected: C:\Users\pc\Desktop\vue\login-oauth2\src\main\java\com\system\ai\predict\controller\PredictHistoryController.java
[DEBUG] Stale source detected: C:\Users\pc\Desktop\vue\login-oauth2\src\main\java\com\system\trsmanagement\service\impl\TrsDeviceServiceImpl.java
[DEBUG] Stale source detected: C:\Users\pc\Desktop\vue\login-oauth2\src\main\java\com\system\ai\predict\config\PredictCacheConfiguration.java
[DEBUG] Stale source detected: C:\Users\pc\Desktop\vue\login-oauth2\src\main\java\com\system\powermanagement\mapper\PowerCapacityTestMapper.java
[DEBUG] Stale source detected: C:\Users\pc\Desktop\vue\login-oauth2\src\main\java\com\system\powermanagement\domain\dto\PowerDeviceDTO.java
[DEBUG] Stale source detected: C:\Users\pc\Desktop\vue\login-oauth2\src\main\java\com\system\powermanagement\domain\vo\PowerAlarmVO.java
[DEBUG] Stale source detected: C:\Users\pc\Desktop\vue\login-oauth2\src\main\java\com\system\ai\predict\client\dto\TimemoeBatchPredictRequest.java
[DEBUG] Stale source detected: C:\Users\pc\Desktop\vue\login-oauth2\src\main\java\com\system\login\mapper\TenantMapper.java
[DEBUG] Stale source detected: C:\Users\pc\Desktop\vue\login-oauth2\src\main\java\com\system\powermanagement\service\impl\PowerDeviceServiceImpl.java
[DEBUG] Stale source detected: C:\Users\pc\Desktop\vue\login-oauth2\src\main\java\com\system\login\domain\vo\LoginResponse.java
[DEBUG] Stale source detected: C:\Users\pc\Desktop\vue\login-oauth2\src\main\java\com\system\ai\predict\client\TimemoeClient.java
[DEBUG] Stale source detected: C:\Users\pc\Desktop\vue\login-oauth2\src\main\java\com\system\login\controller\HealthController.java
[DEBUG] Stale source detected: C:\Users\pc\Desktop\vue\login-oauth2\src\main\java\com\system\powermanagement\controller\PowerAlarmController.java
[DEBUG] Stale source detected: C:\Users\pc\Desktop\vue\login-oauth2\src\main\java\com\system\powermanagement\controller\PowerDeviceController.java
[DEBUG] Stale source detected: C:\Users\pc\Desktop\vue\login-oauth2\src\main\java\com\system\ai\predict\controller\dto\AgingPredictApiRequest.java
[DEBUG] Stale source detected: C:\Users\pc\Desktop\vue\login-oauth2\src\main\java\com\system\trsmanagement\service\TrsDeviceService.java
[DEBUG] Stale source detected: C:\Users\pc\Desktop\vue\login-oauth2\src\main\java\com\system\ai\predict\model\DeviceSnapshot.java
[DEBUG] Stale source detected: C:\Users\pc\Desktop\vue\login-oauth2\src\main\java\com\system\equipmenttypemanagement\mapper\EquipmentTypeMapper.java
[DEBUG] Stale source detected: C:\Users\pc\Desktop\vue\login-oauth2\src\main\java\com\system\login\domain\vo\UserInfoResponse.java
[DEBUG] Stale source detected: C:\Users\pc\Desktop\vue\login-oauth2\src\main\java\com\system\powermanagement\mapper\PowerAlarmMapper.java
[DEBUG] Stale source detected: C:\Users\pc\Desktop\vue\login-oauth2\src\main\java\com\system\trsmanagement\domain\vo\PageResult.java
[DEBUG] Stale source detected: C:\Users\pc\Desktop\vue\login-oauth2\src\main\java\com\system\ai\predict\client\dto\AgingPredictResult.java
[DEBUG] Stale source detected: C:\Users\pc\Desktop\vue\login-oauth2\src\main\java\com\system\login\config\DataInitializer.java
[DEBUG] Stale source detected: C:\Users\pc\Desktop\vue\login-oauth2\src\main\java\com\system\powermanagement\domain\enums\AlarmType.java
[DEBUG] Stale source detected: C:\Users\pc\Desktop\vue\login-oauth2\src\main\java\com\system\login\controller\RoleController.java
[DEBUG] Stale source detected: C:\Users\pc\Desktop\vue\login-oauth2\src\main\java\com\system\login\service\security\JwtTokenService.java
[DEBUG] Stale source detected: C:\Users\pc\Desktop\vue\login-oauth2\src\main\java\com\system\powermanagement\domain\entity\PowerMonitorRecord.java
[DEBUG] Stale source detected: C:\Users\pc\Desktop\vue\login-oauth2\src\main\java\com\system\powermanagement\domain\vo\PowerDeviceVO.java
[DEBUG] Stale source detected: C:\Users\pc\Desktop\vue\login-oauth2\src\main\java\com\system\ai\predict\client\dto\TimemoeBatchPredictResponse.java
[DEBUG] Stale source detected: C:\Users\pc\Desktop\vue\login-oauth2\src\main\java\com\system\ai\predict\controller\PredictController.java
[DEBUG] Stale source detected: C:\Users\pc\Desktop\vue\login-oauth2\src\main\java\com\system\equipmenttypemanagement\domain\entity\EquipmentType.java
[DEBUG] Stale source detected: C:\Users\pc\Desktop\vue\login-oauth2\src\main\java\com\system\login\service\auth\AuthService.java
[DEBUG] Stale source detected: C:\Users\pc\Desktop\vue\login-oauth2\src\main\java\com\system\alarm\controller\HistoryAlarmController.java
[DEBUG] Stale source detected: C:\Users\pc\Desktop\vue\login-oauth2\src\main\java\com\system\powermanagement\domain\entity\PowerDevice.java
[DEBUG] Stale source detected: C:\Users\pc\Desktop\vue\login-oauth2\src\main\java\com\system\ai\predict\model\DeviceHistoryPoint.java
[DEBUG] Stale source detected: C:\Users\pc\Desktop\vue\login-oauth2\src\main\java\com\system\login\domain\entity\User.java
[DEBUG] Stale source detected: C:\Users\pc\Desktop\vue\login-oauth2\src\main\java\com\system\login\domain\vo\OAuth2UserInfo.java
[DEBUG] Stale source detected: C:\Users\pc\Desktop\vue\login-oauth2\src\main\java\com\system\alarm\service\impl\AlarmServiceImpl.java
[DEBUG] Stale source detected: C:\Users\pc\Desktop\vue\login-oauth2\src\main\java\com\system\ai\predict\service\support\PredictRequestOptions.java
[DEBUG] Stale source detected: C:\Users\pc\Desktop\vue\login-oauth2\src\main\java\com\system\ai\predict\client\dto\TimemoeMetrics.java
[DEBUG] Stale source detected: C:\Users\pc\Desktop\vue\login-oauth2\src\main\java\com\system\powermanagement\service\impl\PowerAlarmServiceImpl.java
[DEBUG] Stale source detected: C:\Users\pc\Desktop\vue\login-oauth2\src\main\java\com\system\SystemBApplication.java
[DEBUG] Stale source detected: C:\Users\pc\Desktop\vue\login-oauth2\src\main\java\com\system\alarm\mapper\HistoryAlarmMapper.java
[DEBUG] Stale source detected: C:\Users\pc\Desktop\vue\login-oauth2\src\main\java\com\system\ai\predict\service\support\PredictionDataException.java
[DEBUG] Stale source detected: C:\Users\pc\Desktop\vue\login-oauth2\src\main\java\com\system\trsmanagement\controller\TrsDeviceController.java
[DEBUG] Stale source detected: C:\Users\pc\Desktop\vue\login-oauth2\src\main\java\com\system\ai\predict\client\dto\FaultForecastPoint.java
[DEBUG] Stale source detected: C:\Users\pc\Desktop\vue\login-oauth2\src\main\java\com\system\login\mapper\UserRoleMapper.java
[DEBUG] Stale source detected: C:\Users\pc\Desktop\vue\login-oauth2\src\main\java\com\system\powermanagement\domain\dto\PowerDeviceQueryDTO.java
[DEBUG] Stale source detected: C:\Users\pc\Desktop\vue\login-oauth2\src\main\java\com\system\ai\predict\controller\vo\PagedResult.java
[DEBUG] Stale source detected: C:\Users\pc\Desktop\vue\login-oauth2\src\main\java\com\system\ai\predict\service\FaultTrendService.java
[DEBUG] Stale source detected: C:\Users\pc\Desktop\vue\login-oauth2\src\main\java\com\system\login\domain\vo\OAuth2CallbackRequest.java
[DEBUG] Stale source detected: C:\Users\pc\Desktop\vue\login-oauth2\src\main\java\com\system\trsmanagement\domain\vo\TrsDeviceVO.java
[DEBUG] Stale source detected: C:\Users\pc\Desktop\vue\login-oauth2\src\main\java\com\system\equipmenttypemanagement\service\EquipmentTypeService.java
[DEBUG] Stale source detected: C:\Users\pc\Desktop\vue\login-oauth2\src\main\java\com\system\login\config\OAuth2ClientConfig.java
[DEBUG] Stale source detected: C:\Users\pc\Desktop\vue\login-oauth2\src\main\java\com\system\login\mapper\RolePermissionMapper.java
[DEBUG] Stale source detected: C:\Users\pc\Desktop\vue\login-oauth2\src\main\java\com\system\ai\predict\repository\DeviceHealthRepositoryImpl.java
[DEBUG] Stale source detected: C:\Users\pc\Desktop\vue\login-oauth2\src\main\java\com\system\alarm\service\AlarmService.java
[DEBUG] Stale source detected: C:\Users\pc\Desktop\vue\login-oauth2\src\main\java\com\system\ai\predict\persistence\AiPredictResult.java
[DEBUG] Stale source detected: C:\Users\pc\Desktop\vue\login-oauth2\src\main\java\com\system\login\controller\HybridAuthController.java
[DEBUG] Stale source detected: C:\Users\pc\Desktop\vue\login-oauth2\src\main\java\com\system\login\domain\vo\ApiResponse.java
[DEBUG] Stale source detected: C:\Users\pc\Desktop\vue\login-oauth2\src\main\java\com\system\ai\predict\client\dto\TimemoeBatchPredictResult.java
[DEBUG] Stale source detected: C:\Users\pc\Desktop\vue\login-oauth2\src\main\java\com\system\powermanagement\domain\entity\PowerCapacityTest.java
[DEBUG] Stale source detected: C:\Users\pc\Desktop\vue\login-oauth2\src\main\java\com\system\powermanagement\domain\vo\PageResult.java
[DEBUG] Stale source detected: C:\Users\pc\Desktop\vue\login-oauth2\src\main\java\com\system\login\controller\AuthController.java
[DEBUG] Stale source detected: C:\Users\pc\Desktop\vue\login-oauth2\src\main\java\com\system\login\domain\entity\UserRole.java
[DEBUG] Stale source detected: C:\Users\pc\Desktop\vue\login-oauth2\src\main\java\com\system\login\security\tenant\TenantContext.java
[DEBUG] Stale source detected: C:\Users\pc\Desktop\vue\login-oauth2\src\main\java\com\system\login\domain\vo\SSOAuthorizeUrlResponse.java
[DEBUG] Stale source detected: C:\Users\pc\Desktop\vue\login-oauth2\src\main\java\com\system\ai\predict\config\TimemoeProperties.java
[DEBUG] Stale source detected: C:\Users\pc\Desktop\vue\login-oauth2\src\main\java\com\system\alarm\domain\entity\HistoryAlarmEntity.java
[DEBUG] Stale source detected: C:\Users\pc\Desktop\vue\login-oauth2\src\main\java\com\system\login\domain\entity\Role.java
[DEBUG] Stale source detected: C:\Users\pc\Desktop\vue\login-oauth2\src\main\java\com\system\trsmanagement\domain\vo\Result.java
[DEBUG] Stale source detected: C:\Users\pc\Desktop\vue\login-oauth2\src\main\java\com\system\alarm\domain\vo\HistoryAlarmVO.java
[DEBUG] Stale source detected: C:\Users\pc\Desktop\vue\login-oauth2\src\main\java\com\system\login\config\SystemAApiProperties.java
[DEBUG] Stale source detected: C:\Users\pc\Desktop\vue\login-oauth2\src\main\java\com\system\ai\predict\client\dto\TimemoeContributor.java
[DEBUG] Stale source detected: C:\Users\pc\Desktop\vue\login-oauth2\src\main\java\com\system\ai\predict\client\support\TimemoeInstantDeserializer.java
[INFO] Changes detected - recompiling the module! :source
[DEBUG] Classpath:
[DEBUG]  C:\Users\pc\Desktop\vue\login-oauth2\target\classes
[DEBUG]  C:\Users\pc\.m2\repository\org\springframework\boot\spring-boot-starter-web\3.2.4\spring-boot-starter-web-3.2.4.jar
[DEBUG]  C:\Users\pc\.m2\repository\org\springframework\boot\spring-boot-starter\3.2.4\spring-boot-starter-3.2.4.jar
[DEBUG]  C:\Users\pc\.m2\repository\org\springframework\boot\spring-boot\3.2.4\spring-boot-3.2.4.jar
[DEBUG]  C:\Users\pc\.m2\repository\org\springframework\boot\spring-boot-starter-logging\3.2.4\spring-boot-starter-logging-3.2.4.jar
[DEBUG]  C:\Users\pc\.m2\repository\ch\qos\logback\logback-classic\1.4.14\logback-classic-1.4.14.jar
[DEBUG]  C:\Users\pc\.m2\repository\ch\qos\logback\logback-core\1.4.14\logback-core-1.4.14.jar
[DEBUG]  C:\Users\pc\.m2\repository\org\apache\logging\log4j\log4j-to-slf4j\2.21.1\log4j-to-slf4j-2.21.1.jar
[DEBUG]  C:\Users\pc\.m2\repository\org\apache\logging\log4j\log4j-api\2.21.1\log4j-api-2.21.1.jar
[DEBUG]  C:\Users\pc\.m2\repository\org\slf4j\jul-to-slf4j\2.0.12\jul-to-slf4j-2.0.12.jar
[DEBUG]  C:\Users\pc\.m2\repository\jakarta\annotation\jakarta.annotation-api\2.1.1\jakarta.annotation-api-2.1.1.jar
[DEBUG]  C:\Users\pc\.m2\repository\org\yaml\snakeyaml\2.2\snakeyaml-2.2.jar
[DEBUG]  C:\Users\pc\.m2\repository\org\springframework\boot\spring-boot-starter-json\3.2.4\spring-boot-starter-json-3.2.4.jar
[DEBUG]  C:\Users\pc\.m2\repository\com\fasterxml\jackson\datatype\jackson-datatype-jdk8\2.15.4\jackson-datatype-jdk8-2.15.4.jar
[DEBUG]  C:\Users\pc\.m2\repository\com\fasterxml\jackson\datatype\jackson-datatype-jsr310\2.15.4\jackson-datatype-jsr310-2.15.4.jar
[DEBUG]  C:\Users\pc\.m2\repository\com\fasterxml\jackson\module\jackson-module-parameter-names\2.15.4\jackson-module-parameter-names-2.15.4.jar
[DEBUG]  C:\Users\pc\.m2\repository\org\springframework\boot\spring-boot-starter-tomcat\3.2.4\spring-boot-starter-tomcat-3.2.4.jar
[DEBUG]  C:\Users\pc\.m2\repository\org\apache\tomcat\embed\tomcat-embed-core\10.1.19\tomcat-embed-core-10.1.19.jar
[DEBUG]  C:\Users\pc\.m2\repository\org\apache\tomcat\embed\tomcat-embed-websocket\10.1.19\tomcat-embed-websocket-10.1.19.jar
[DEBUG]  C:\Users\pc\.m2\repository\org\springframework\spring-web\6.1.5\spring-web-6.1.5.jar
[DEBUG]  C:\Users\pc\.m2\repository\org\springframework\spring-beans\6.1.5\spring-beans-6.1.5.jar
[DEBUG]  C:\Users\pc\.m2\repository\org\springframework\spring-webmvc\6.1.5\spring-webmvc-6.1.5.jar
[DEBUG]  C:\Users\pc\.m2\repository\org\springframework\spring-context\6.1.5\spring-context-6.1.5.jar
[DEBUG]  C:\Users\pc\.m2\repository\org\springframework\spring-expression\6.1.5\spring-expression-6.1.5.jar
[DEBUG]  C:\Users\pc\.m2\repository\org\springframework\boot\spring-boot-starter-security\3.2.4\spring-boot-starter-security-3.2.4.jar
[DEBUG]  C:\Users\pc\.m2\repository\org\springframework\spring-aop\6.1.5\spring-aop-6.1.5.jar
[DEBUG]  C:\Users\pc\.m2\repository\org\springframework\security\spring-security-config\6.2.3\spring-security-config-6.2.3.jar
[DEBUG]  C:\Users\pc\.m2\repository\org\springframework\security\spring-security-web\6.2.3\spring-security-web-6.2.3.jar
[DEBUG]  C:\Users\pc\.m2\repository\org\springframework\boot\spring-boot-starter-validation\3.2.4\spring-boot-starter-validation-3.2.4.jar
[DEBUG]  C:\Users\pc\.m2\repository\org\apache\tomcat\embed\tomcat-embed-el\10.1.19\tomcat-embed-el-10.1.19.jar
[DEBUG]  C:\Users\pc\.m2\repository\org\hibernate\validator\hibernate-validator\8.0.1.Final\hibernate-validator-8.0.1.Final.jar
[DEBUG]  C:\Users\pc\.m2\repository\jakarta\validation\jakarta.validation-api\3.0.2\jakarta.validation-api-3.0.2.jar
[DEBUG]  C:\Users\pc\.m2\repository\org\jboss\logging\jboss-logging\3.5.3.Final\jboss-logging-3.5.3.Final.jar
[DEBUG]  C:\Users\pc\.m2\repository\com\fasterxml\classmate\1.6.0\classmate-1.6.0.jar
[DEBUG]  C:\Users\pc\.m2\repository\org\springframework\boot\spring-boot-starter-actuator\3.2.4\spring-boot-starter-actuator-3.2.4.jar
[DEBUG]  C:\Users\pc\.m2\repository\org\springframework\boot\spring-boot-actuator-autoconfigure\3.2.4\spring-boot-actuator-autoconfigure-3.2.4.jar
[DEBUG]  C:\Users\pc\.m2\repository\org\springframework\boot\spring-boot-actuator\3.2.4\spring-boot-actuator-3.2.4.jar
[DEBUG]  C:\Users\pc\.m2\repository\io\micrometer\micrometer-observation\1.12.4\micrometer-observation-1.12.4.jar
[DEBUG]  C:\Users\pc\.m2\repository\io\micrometer\micrometer-commons\1.12.4\micrometer-commons-1.12.4.jar
[DEBUG]  C:\Users\pc\.m2\repository\io\micrometer\micrometer-jakarta9\1.12.4\micrometer-jakarta9-1.12.4.jar
[DEBUG]  C:\Users\pc\.m2\repository\io\micrometer\micrometer-core\1.12.4\micrometer-core-1.12.4.jar
[DEBUG]  C:\Users\pc\.m2\repository\org\springframework\boot\spring-boot-starter-cache\3.2.4\spring-boot-starter-cache-3.2.4.jar
[DEBUG]  C:\Users\pc\.m2\repository\org\springframework\spring-context-support\6.1.5\spring-context-support-6.1.5.jar
[DEBUG]  C:\Users\pc\.m2\repository\com\github\ben-manes\caffeine\caffeine\3.1.8\caffeine-3.1.8.jar
[DEBUG]  C:\Users\pc\.m2\repository\org\checkerframework\checker-qual\3.37.0\checker-qual-3.37.0.jar
[DEBUG]  C:\Users\pc\.m2\repository\com\google\errorprone\error_prone_annotations\2.21.1\error_prone_annotations-2.21.1.jar
[DEBUG]  C:\Users\pc\.m2\repository\org\springframework\boot\spring-boot-starter-data-redis\3.2.4\spring-boot-starter-data-redis-3.2.4.jar
[DEBUG]  C:\Users\pc\.m2\repository\io\lettuce\lettuce-core\6.3.2.RELEASE\lettuce-core-6.3.2.RELEASE.jar
[DEBUG]  C:\Users\pc\.m2\repository\io\netty\netty-common\4.1.107.Final\netty-common-4.1.107.Final.jar
[DEBUG]  C:\Users\pc\.m2\repository\io\netty\netty-handler\4.1.107.Final\netty-handler-4.1.107.Final.jar
[DEBUG]  C:\Users\pc\.m2\repository\io\netty\netty-resolver\4.1.107.Final\netty-resolver-4.1.107.Final.jar
[DEBUG]  C:\Users\pc\.m2\repository\io\netty\netty-buffer\4.1.107.Final\netty-buffer-4.1.107.Final.jar
[DEBUG]  C:\Users\pc\.m2\repository\io\netty\netty-transport-native-unix-common\4.1.107.Final\netty-transport-native-unix-common-4.1.107.Final.jar
[DEBUG]  C:\Users\pc\.m2\repository\io\netty\netty-codec\4.1.107.Final\netty-codec-4.1.107.Final.jar
[DEBUG]  C:\Users\pc\.m2\repository\io\netty\netty-transport\4.1.107.Final\netty-transport-4.1.107.Final.jar
[DEBUG]  C:\Users\pc\.m2\repository\io\projectreactor\reactor-core\3.6.4\reactor-core-3.6.4.jar
[DEBUG]  C:\Users\pc\.m2\repository\org\reactivestreams\reactive-streams\1.0.4\reactive-streams-1.0.4.jar
[DEBUG]  C:\Users\pc\.m2\repository\org\springframework\data\spring-data-redis\3.2.4\spring-data-redis-3.2.4.jar
[DEBUG]  C:\Users\pc\.m2\repository\org\springframework\data\spring-data-keyvalue\3.2.4\spring-data-keyvalue-3.2.4.jar
[DEBUG]  C:\Users\pc\.m2\repository\org\springframework\data\spring-data-commons\3.2.4\spring-data-commons-3.2.4.jar
[DEBUG]  C:\Users\pc\.m2\repository\org\springframework\spring-tx\6.1.5\spring-tx-6.1.5.jar
[DEBUG]  C:\Users\pc\.m2\repository\org\springframework\spring-oxm\6.1.5\spring-oxm-6.1.5.jar
[DEBUG]  C:\Users\pc\.m2\repository\org\slf4j\slf4j-api\2.0.12\slf4j-api-2.0.12.jar
[DEBUG]  C:\Users\pc\.m2\repository\com\mysql\mysql-connector-j\8.0.33\mysql-connector-j-8.0.33.jar
[DEBUG]  C:\Users\pc\.m2\repository\org\springframework\boot\spring-boot-starter-webflux\3.2.4\spring-boot-starter-webflux-3.2.4.jar
[DEBUG]  C:\Users\pc\.m2\repository\org\springframework\boot\spring-boot-starter-reactor-netty\3.2.4\spring-boot-starter-reactor-netty-3.2.4.jar
[DEBUG]  C:\Users\pc\.m2\repository\io\projectreactor\netty\reactor-netty-http\1.1.17\reactor-netty-http-1.1.17.jar
[DEBUG]  C:\Users\pc\.m2\repository\io\netty\netty-codec-http\4.1.107.Final\netty-codec-http-4.1.107.Final.jar
[DEBUG]  C:\Users\pc\.m2\repository\io\netty\netty-codec-http2\4.1.107.Final\netty-codec-http2-4.1.107.Final.jar
[DEBUG]  C:\Users\pc\.m2\repository\io\netty\netty-resolver-dns\4.1.107.Final\netty-resolver-dns-4.1.107.Final.jar
[DEBUG]  C:\Users\pc\.m2\repository\io\netty\netty-codec-dns\4.1.107.Final\netty-codec-dns-4.1.107.Final.jar
[DEBUG]  C:\Users\pc\.m2\repository\io\netty\netty-resolver-dns-native-macos\4.1.107.Final\netty-resolver-dns-native-macos-4.1.107.Final-osx-x86_64.jar
[DEBUG]  C:\Users\pc\.m2\repository\io\netty\netty-resolver-dns-classes-macos\4.1.107.Final\netty-resolver-dns-classes-macos-4.1.107.Final.jar
[DEBUG]  C:\Users\pc\.m2\repository\io\netty\netty-transport-native-epoll\4.1.107.Final\netty-transport-native-epoll-4.1.107.Final-linux-x86_64.jar
[DEBUG]  C:\Users\pc\.m2\repository\io\netty\netty-transport-classes-epoll\4.1.107.Final\netty-transport-classes-epoll-4.1.107.Final.jar
[DEBUG]  C:\Users\pc\.m2\repository\io\projectreactor\netty\reactor-netty-core\1.1.17\reactor-netty-core-1.1.17.jar
[DEBUG]  C:\Users\pc\.m2\repository\io\netty\netty-handler-proxy\4.1.107.Final\netty-handler-proxy-4.1.107.Final.jar
[DEBUG]  C:\Users\pc\.m2\repository\io\netty\netty-codec-socks\4.1.107.Final\netty-codec-socks-4.1.107.Final.jar
[DEBUG]  C:\Users\pc\.m2\repository\org\springframework\spring-webflux\6.1.5\spring-webflux-6.1.5.jar
[DEBUG]  C:\Users\pc\.m2\repository\com\baomidou\mybatis-plus-spring-boot3-starter\3.5.7\mybatis-plus-spring-boot3-starter-3.5.7.jar
[DEBUG]  C:\Users\pc\.m2\repository\com\baomidou\mybatis-plus\3.5.7\mybatis-plus-3.5.7.jar
[DEBUG]  C:\Users\pc\.m2\repository\com\baomidou\mybatis-plus-core\3.5.7\mybatis-plus-core-3.5.7.jar
[DEBUG]  C:\Users\pc\.m2\repository\com\baomidou\mybatis-plus-annotation\3.5.7\mybatis-plus-annotation-3.5.7.jar
[DEBUG]  C:\Users\pc\.m2\repository\com\baomidou\mybatis-plus-extension\3.5.7\mybatis-plus-extension-3.5.7.jar
[DEBUG]  C:\Users\pc\.m2\repository\org\mybatis\mybatis\3.5.16\mybatis-3.5.16.jar
[DEBUG]  C:\Users\pc\.m2\repository\com\github\jsqlparser\jsqlparser\4.9\jsqlparser-4.9.jar
[DEBUG]  C:\Users\pc\.m2\repository\org\mybatis\mybatis-spring\3.0.3\mybatis-spring-3.0.3.jar
[DEBUG]  C:\Users\pc\.m2\repository\com\baomidou\mybatis-plus-spring-boot-autoconfigure\3.5.7\mybatis-plus-spring-boot-autoconfigure-3.5.7.jar
[DEBUG]  C:\Users\pc\.m2\repository\org\springframework\boot\spring-boot-autoconfigure\3.2.4\spring-boot-autoconfigure-3.2.4.jar
[DEBUG]  C:\Users\pc\.m2\repository\org\springframework\boot\spring-boot-starter-jdbc\3.2.4\spring-boot-starter-jdbc-3.2.4.jar
[DEBUG]  C:\Users\pc\.m2\repository\com\zaxxer\HikariCP\5.0.1\HikariCP-5.0.1.jar
[DEBUG]  C:\Users\pc\.m2\repository\org\springframework\spring-jdbc\6.1.5\spring-jdbc-6.1.5.jar
[DEBUG]  C:\Users\pc\.m2\repository\io\jsonwebtoken\jjwt-api\0.11.5\jjwt-api-0.11.5.jar
[DEBUG]  C:\Users\pc\.m2\repository\com\fasterxml\jackson\core\jackson-databind\2.15.4\jackson-databind-2.15.4.jar
[DEBUG]  C:\Users\pc\.m2\repository\com\fasterxml\jackson\core\jackson-annotations\2.15.4\jackson-annotations-2.15.4.jar
[DEBUG]  C:\Users\pc\.m2\repository\com\fasterxml\jackson\core\jackson-core\2.15.4\jackson-core-2.15.4.jar
[DEBUG]  C:\Users\pc\.m2\repository\org\springframework\boot\spring-boot-starter-oauth2-client\3.2.4\spring-boot-starter-oauth2-client-3.2.4.jar
[DEBUG]  C:\Users\pc\.m2\repository\org\springframework\security\spring-security-core\6.2.3\spring-security-core-6.2.3.jar
[DEBUG]  C:\Users\pc\.m2\repository\org\springframework\security\spring-security-crypto\6.2.3\spring-security-crypto-6.2.3.jar
[DEBUG]  C:\Users\pc\.m2\repository\org\springframework\security\spring-security-oauth2-client\6.2.3\spring-security-oauth2-client-6.2.3.jar
[DEBUG]  C:\Users\pc\.m2\repository\org\springframework\security\spring-security-oauth2-core\6.2.3\spring-security-oauth2-core-6.2.3.jar
[DEBUG]  C:\Users\pc\.m2\repository\com\nimbusds\oauth2-oidc-sdk\9.43.3\oauth2-oidc-sdk-9.43.3.jar
[DEBUG]  C:\Users\pc\.m2\repository\com\github\stephenc\jcip\jcip-annotations\1.0-1\jcip-annotations-1.0-1.jar
[DEBUG]  C:\Users\pc\.m2\repository\com\nimbusds\content-type\2.2\content-type-2.2.jar
[DEBUG]  C:\Users\pc\.m2\repository\com\nimbusds\lang-tag\1.7\lang-tag-1.7.jar
[DEBUG]  C:\Users\pc\.m2\repository\org\springframework\security\spring-security-oauth2-jose\6.2.3\spring-security-oauth2-jose-6.2.3.jar
[DEBUG]  C:\Users\pc\.m2\repository\com\nimbusds\nimbus-jose-jwt\9.24.4\nimbus-jose-jwt-9.24.4.jar
[DEBUG]  C:\Users\pc\.m2\repository\org\springframework\boot\spring-boot-starter-oauth2-authorization-server\3.2.4\spring-boot-starter-oauth2-authorization-server-3.2.4.jar
[DEBUG]  C:\Users\pc\.m2\repository\org\springframework\security\spring-security-oauth2-authorization-server\1.2.3\spring-security-oauth2-authorization-server-1.2.3.jar
[DEBUG]  C:\Users\pc\.m2\repository\org\springframework\security\spring-security-oauth2-resource-server\6.2.3\spring-security-oauth2-resource-server-6.2.3.jar
[DEBUG]  C:\Users\pc\.m2\repository\org\springframework\ai\spring-ai-starter-model-ollama\1.0.2\spring-ai-starter-model-ollama-1.0.2.jar
[DEBUG]  C:\Users\pc\.m2\repository\org\springframework\ai\spring-ai-autoconfigure-model-ollama\1.0.2\spring-ai-autoconfigure-model-ollama-1.0.2.jar
[DEBUG]  C:\Users\pc\.m2\repository\org\springframework\ai\spring-ai-autoconfigure-retry\1.0.2\spring-ai-autoconfigure-retry-1.0.2.jar
[DEBUG]  C:\Users\pc\.m2\repository\org\springframework\ai\spring-ai-autoconfigure-model-tool\1.0.2\spring-ai-autoconfigure-model-tool-1.0.2.jar
[DEBUG]  C:\Users\pc\.m2\repository\org\springframework\ai\spring-ai-autoconfigure-model-chat-observation\1.0.2\spring-ai-autoconfigure-model-chat-observation-1.0.2.jar
[DEBUG]  C:\Users\pc\.m2\repository\org\springframework\ai\spring-ai-autoconfigure-model-embedding-observation\1.0.2\spring-ai-autoconfigure-model-embedding-observation-1.0.2.jar
[DEBUG]  C:\Users\pc\.m2\repository\org\springframework\ai\spring-ai-ollama\1.0.2\spring-ai-ollama-1.0.2.jar
[DEBUG]  C:\Users\pc\.m2\repository\org\springframework\ai\spring-ai-model\1.0.2\spring-ai-model-1.0.2.jar
[DEBUG]  C:\Users\pc\.m2\repository\org\springframework\ai\spring-ai-commons\1.0.2\spring-ai-commons-1.0.2.jar
[DEBUG]  C:\Users\pc\.m2\repository\io\micrometer\context-propagation\1.1.3\context-propagation-1.1.3.jar
[DEBUG]  C:\Users\pc\.m2\repository\org\springframework\ai\spring-ai-template-st\1.0.2\spring-ai-template-st-1.0.2.jar
[DEBUG]  C:\Users\pc\.m2\repository\org\antlr\ST4\4.3.4\ST4-4.3.4.jar
[DEBUG]  C:\Users\pc\.m2\repository\org\antlr\antlr-runtime\3.5.3\antlr-runtime-3.5.3.jar
[DEBUG]  C:\Users\pc\.m2\repository\org\springframework\spring-messaging\6.1.5\spring-messaging-6.1.5.jar
[DEBUG]  C:\Users\pc\.m2\repository\org\antlr\antlr4-runtime\4.13.1\antlr4-runtime-4.13.1.jar
[DEBUG]  C:\Users\pc\.m2\repository\com\github\victools\jsonschema-generator\4.37.0\jsonschema-generator-4.37.0.jar
[DEBUG]  C:\Users\pc\.m2\repository\com\github\victools\jsonschema-module-jackson\4.37.0\jsonschema-module-jackson-4.37.0.jar
[DEBUG]  C:\Users\pc\.m2\repository\com\github\victools\jsonschema-module-swagger-2\4.37.0\jsonschema-module-swagger-2-4.37.0.jar
[DEBUG]  C:\Users\pc\.m2\repository\io\swagger\core\v3\swagger-annotations-jakarta\2.2.30\swagger-annotations-jakarta-2.2.30.jar
[DEBUG]  C:\Users\pc\.m2\repository\org\springframework\ai\spring-ai-retry\1.0.2\spring-ai-retry-1.0.2.jar
[DEBUG]  C:\Users\pc\.m2\repository\org\springframework\retry\spring-retry\2.0.5\spring-retry-2.0.5.jar
[DEBUG]  C:\Users\pc\.m2\repository\org\springframework\ai\spring-ai-autoconfigure-model-chat-client\1.0.2\spring-ai-autoconfigure-model-chat-client-1.0.2.jar
[DEBUG]  C:\Users\pc\.m2\repository\org\springframework\ai\spring-ai-client-chat\1.0.2\spring-ai-client-chat-1.0.2.jar
[DEBUG]  C:\Users\pc\.m2\repository\com\fasterxml\jackson\module\jackson-module-jsonSchema\2.15.4\jackson-module-jsonSchema-2.15.4.jar
[DEBUG]  C:\Users\pc\.m2\repository\javax\validation\validation-api\1.1.0.Final\validation-api-1.1.0.Final.jar
[DEBUG]  C:\Users\pc\.m2\repository\com\knuddels\jtokkit\1.1.0\jtokkit-1.1.0.jar
[DEBUG]  C:\Users\pc\.m2\repository\org\springframework\ai\spring-ai-autoconfigure-model-chat-memory\1.0.2\spring-ai-autoconfigure-model-chat-memory-1.0.2.jar
[DEBUG]  C:\Users\pc\.m2\repository\org\projectlombok\lombok\1.18.30\lombok-1.18.30.jar
[DEBUG]  C:\Users\pc\.m2\repository\cn\hutool\hutool-all\5.8.25\hutool-all-5.8.25.jar
[DEBUG]  C:\Users\pc\.m2\repository\net\minidev\json-smart\2.5.0\json-smart-2.5.0.jar
[DEBUG]  C:\Users\pc\.m2\repository\net\minidev\accessors-smart\2.5.0\accessors-smart-2.5.0.jar
[DEBUG]  C:\Users\pc\.m2\repository\org\ow2\asm\asm\9.3\asm-9.3.jar
[DEBUG]  C:\Users\pc\.m2\repository\org\springframework\spring-core\6.1.5\spring-core-6.1.5.jar
[DEBUG]  C:\Users\pc\.m2\repository\org\springframework\spring-jcl\6.1.5\spring-jcl-6.1.5.jar
[DEBUG] Source roots:
[DEBUG]  C:\Users\pc\Desktop\vue\login-oauth2\src\main\java
[DEBUG]  C:\Users\pc\Desktop\vue\login-oauth2\target\generated-sources\annotations
[DEBUG] Command line options:
[DEBUG] -d C:\Users\pc\Desktop\vue\login-oauth2\target\classes -classpath C:\Users\pc\Desktop\vue\login-oauth2\target\classes;C:\Users\pc\.m2\repository\org\springframework\boot\spring-boot-starter-web\3.2.4\spring-boot-starter-web-3.2.4.jar;C:\Users\pc\.m2\repository\org\springframework\boot\spring-boot-starter\3.2.4\spring-boot-starter-3.2.4.jar;C:\Users\pc\.m2\repository\org\springframework\boot\spring-boot\3.2.4\spring-boot-3.2.4.jar;C:\Users\pc\.m2\repository\org\springframework\boot\spring-boot-starter-logging\3.2.4\spring-boot-starter-logging-3.2.4.jar;C:\Users\pc\.m2\repository\ch\qos\logback\logback-classic\1.4.14\logback-classic-1.4.14.jar;C:\Users\pc\.m2\repository\ch\qos\logback\logback-core\1.4.14\logback-core-1.4.14.jar;C:\Users\pc\.m2\repository\org\apache\logging\log4j\log4j-to-slf4j\2.21.1\log4j-to-slf4j-2.21.1.jar;C:\Users\pc\.m2\repository\org\apache\logging\log4j\log4j-api\2.21.1\log4j-api-2.21.1.jar;C:\Users\pc\.m2\repository\org\slf4j\jul-to-slf4j\2.0.12\jul-to-slf4j-2.0.12.jar;C:\Users\pc\.m2\repository\jakarta\annotation\jakarta.annotation-api\2.1.1\jakarta.annotation-api-2.1.1.jar;C:\Users\pc\.m2\repository\org\yaml\snakeyaml\2.2\snakeyaml-2.2.jar;C:\Users\pc\.m2\repository\org\springframework\boot\spring-boot-starter-json\3.2.4\spring-boot-starter-json-3.2.4.jar;C:\Users\pc\.m2\repository\com\fasterxml\jackson\datatype\jackson-datatype-jdk8\2.15.4\jackson-datatype-jdk8-2.15.4.jar;C:\Users\pc\.m2\repository\com\fasterxml\jackson\datatype\jackson-datatype-jsr310\2.15.4\jackson-datatype-jsr310-2.15.4.jar;C:\Users\pc\.m2\repository\com\fasterxml\jackson\module\jackson-module-parameter-names\2.15.4\jackson-module-parameter-names-2.15.4.jar;C:\Users\pc\.m2\repository\org\springframework\boot\spring-boot-starter-tomcat\3.2.4\spring-boot-starter-tomcat-3.2.4.jar;C:\Users\pc\.m2\repository\org\apache\tomcat\embed\tomcat-embed-core\10.1.19\tomcat-embed-core-10.1.19.jar;C:\Users\pc\.m2\repository\org\apache\tomcat\embed\tomcat-embed-websocket\10.1.19\tomcat-embed-websocket-10.1.19.jar;C:\Users\pc\.m2\repository\org\springframework\spring-web\6.1.5\spring-web-6.1.5.jar;C:\Users\pc\.m2\repository\org\springframework\spring-beans\6.1.5\spring-beans-6.1.5.jar;C:\Users\pc\.m2\repository\org\springframework\spring-webmvc\6.1.5\spring-webmvc-6.1.5.jar;C:\Users\pc\.m2\repository\org\springframework\spring-context\6.1.5\spring-context-6.1.5.jar;C:\Users\pc\.m2\repository\org\springframework\spring-expression\6.1.5\spring-expression-6.1.5.jar;C:\Users\pc\.m2\repository\org\springframework\boot\spring-boot-starter-security\3.2.4\spring-boot-starter-security-3.2.4.jar;C:\Users\pc\.m2\repository\org\springframework\spring-aop\6.1.5\spring-aop-6.1.5.jar;C:\Users\pc\.m2\repository\org\springframework\security\spring-security-config\6.2.3\spring-security-config-6.2.3.jar;C:\Users\pc\.m2\repository\org\springframework\security\spring-security-web\6.2.3\spring-security-web-6.2.3.jar;C:\Users\pc\.m2\repository\org\springframework\boot\spring-boot-starter-validation\3.2.4\spring-boot-starter-validation-3.2.4.jar;C:\Users\pc\.m2\repository\org\apache\tomcat\embed\tomcat-embed-el\10.1.19\tomcat-embed-el-10.1.19.jar;C:\Users\pc\.m2\repository\org\hibernate\validator\hibernate-validator\8.0.1.Final\hibernate-validator-8.0.1.Final.jar;C:\Users\pc\.m2\repository\jakarta\validation\jakarta.validation-api\3.0.2\jakarta.validation-api-3.0.2.jar;C:\Users\pc\.m2\repository\org\jboss\logging\jboss-logging\3.5.3.Final\jboss-logging-3.5.3.Final.jar;C:\Users\pc\.m2\repository\com\fasterxml\classmate\1.6.0\classmate-1.6.0.jar;C:\Users\pc\.m2\repository\org\springframework\boot\spring-boot-starter-actuator\3.2.4\spring-boot-starter-actuator-3.2.4.jar;C:\Users\pc\.m2\repository\org\springframework\boot\spring-boot-actuator-autoconfigure\3.2.4\spring-boot-actuator-autoconfigure-3.2.4.jar;C:\Users\pc\.m2\repository\org\springframework\boot\spring-boot-actuator\3.2.4\spring-boot-actuator-3.2.4.jar;C:\Users\pc\.m2\repository\io\micrometer\micrometer-observation\1.12.4\micrometer-observation-1.12.4.jar;C:\Users\pc\.m2\repository\io\micrometer\micrometer-commons\1.12.4\micrometer-commons-1.12.4.jar;C:\Users\pc\.m2\repository\io\micrometer\micrometer-jakarta9\1.12.4\micrometer-jakarta9-1.12.4.jar;C:\Users\pc\.m2\repository\io\micrometer\micrometer-core\1.12.4\micrometer-core-1.12.4.jar;C:\Users\pc\.m2\repository\org\springframework\boot\spring-boot-starter-cache\3.2.4\spring-boot-starter-cache-3.2.4.jar;C:\Users\pc\.m2\repository\org\springframework\spring-context-support\6.1.5\spring-context-support-6.1.5.jar;C:\Users\pc\.m2\repository\com\github\ben-manes\caffeine\caffeine\3.1.8\caffeine-3.1.8.jar;C:\Users\pc\.m2\repository\org\checkerframework\checker-qual\3.37.0\checker-qual-3.37.0.jar;C:\Users\pc\.m2\repository\com\google\errorprone\error_prone_annotations\2.21.1\error_prone_annotations-2.21.1.jar;C:\Users\pc\.m2\repository\org\springframework\boot\spring-boot-starter-data-redis\3.2.4\spring-boot-starter-data-redis-3.2.4.jar;C:\Users\pc\.m2\repository\io\lettuce\lettuce-core\6.3.2.RELEASE\lettuce-core-6.3.2.RELEASE.jar;C:\Users\pc\.m2\repository\io\netty\netty-common\4.1.107.Final\netty-common-4.1.107.Final.jar;C:\Users\pc\.m2\repository\io\netty\netty-handler\4.1.107.Final\netty-handler-4.1.107.Final.jar;C:\Users\pc\.m2\repository\io\netty\netty-resolver\4.1.107.Final\netty-resolver-4.1.107.Final.jar;C:\Users\pc\.m2\repository\io\netty\netty-buffer\4.1.107.Final\netty-buffer-4.1.107.Final.jar;C:\Users\pc\.m2\repository\io\netty\netty-transport-native-unix-common\4.1.107.Final\netty-transport-native-unix-common-4.1.107.Final.jar;C:\Users\pc\.m2\repository\io\netty\netty-codec\4.1.107.Final\netty-codec-4.1.107.Final.jar;C:\Users\pc\.m2\repository\io\netty\netty-transport\4.1.107.Final\netty-transport-4.1.107.Final.jar;C:\Users\pc\.m2\repository\io\projectreactor\reactor-core\3.6.4\reactor-core-3.6.4.jar;C:\Users\pc\.m2\repository\org\reactivestreams\reactive-streams\1.0.4\reactive-streams-1.0.4.jar;C:\Users\pc\.m2\repository\org\springframework\data\spring-data-redis\3.2.4\spring-data-redis-3.2.4.jar;C:\Users\pc\.m2\repository\org\springframework\data\spring-data-keyvalue\3.2.4\spring-data-keyvalue-3.2.4.jar;C:\Users\pc\.m2\repository\org\springframework\data\spring-data-commons\3.2.4\spring-data-commons-3.2.4.jar;C:\Users\pc\.m2\repository\org\springframework\spring-tx\6.1.5\spring-tx-6.1.5.jar;C:\Users\pc\.m2\repository\org\springframework\spring-oxm\6.1.5\spring-oxm-6.1.5.jar;C:\Users\pc\.m2\repository\org\slf4j\slf4j-api\2.0.12\slf4j-api-2.0.12.jar;C:\Users\pc\.m2\repository\com\mysql\mysql-connector-j\8.0.33\mysql-connector-j-8.0.33.jar;C:\Users\pc\.m2\repository\org\springframework\boot\spring-boot-starter-webflux\3.2.4\spring-boot-starter-webflux-3.2.4.jar;C:\Users\pc\.m2\repository\org\springframework\boot\spring-boot-starter-reactor-netty\3.2.4\spring-boot-starter-reactor-netty-3.2.4.jar;C:\Users\pc\.m2\repository\io\projectreactor\netty\reactor-netty-http\1.1.17\reactor-netty-http-1.1.17.jar;C:\Users\pc\.m2\repository\io\netty\netty-codec-http\4.1.107.Final\netty-codec-http-4.1.107.Final.jar;C:\Users\pc\.m2\repository\io\netty\netty-codec-http2\4.1.107.Final\netty-codec-http2-4.1.107.Final.jar;C:\Users\pc\.m2\repository\io\netty\netty-resolver-dns\4.1.107.Final\netty-resolver-dns-4.1.107.Final.jar;C:\Users\pc\.m2\repository\io\netty\netty-codec-dns\4.1.107.Final\netty-codec-dns-4.1.107.Final.jar;C:\Users\pc\.m2\repository\io\netty\netty-resolver-dns-native-macos\4.1.107.Final\netty-resolver-dns-native-macos-4.1.107.Final-osx-x86_64.jar;C:\Users\pc\.m2\repository\io\netty\netty-resolver-dns-classes-macos\4.1.107.Final\netty-resolver-dns-classes-macos-4.1.107.Final.jar;C:\Users\pc\.m2\repository\io\netty\netty-transport-native-epoll\4.1.107.Final\netty-transport-native-epoll-4.1.107.Final-linux-x86_64.jar;C:\Users\pc\.m2\repository\io\netty\netty-transport-classes-epoll\4.1.107.Final\netty-transport-classes-epoll-4.1.107.Final.jar;C:\Users\pc\.m2\repository\io\projectreactor\netty\reactor-netty-core\1.1.17\reactor-netty-core-1.1.17.jar;C:\Users\pc\.m2\repository\io\netty\netty-handler-proxy\4.1.107.Final\netty-handler-proxy-4.1.107.Final.jar;C:\Users\pc\.m2\repository\io\netty\netty-codec-socks\4.1.107.Final\netty-codec-socks-4.1.107.Final.jar;C:\Users\pc\.m2\repository\org\springframework\spring-webflux\6.1.5\spring-webflux-6.1.5.jar;C:\Users\pc\.m2\repository\com\baomidou\mybatis-plus-spring-boot3-starter\3.5.7\mybatis-plus-spring-boot3-starter-3.5.7.jar;C:\Users\pc\.m2\repository\com\baomidou\mybatis-plus\3.5.7\mybatis-plus-3.5.7.jar;C:\Users\pc\.m2\repository\com\baomidou\mybatis-plus-core\3.5.7\mybatis-plus-core-3.5.7.jar;C:\Users\pc\.m2\repository\com\baomidou\mybatis-plus-annotation\3.5.7\mybatis-plus-annotation-3.5.7.jar;C:\Users\pc\.m2\repository\com\baomidou\mybatis-plus-extension\3.5.7\mybatis-plus-extension-3.5.7.jar;C:\Users\pc\.m2\repository\org\mybatis\mybatis\3.5.16\mybatis-3.5.16.jar;C:\Users\pc\.m2\repository\com\github\jsqlparser\jsqlparser\4.9\jsqlparser-4.9.jar;C:\Users\pc\.m2\repository\org\mybatis\mybatis-spring\3.0.3\mybatis-spring-3.0.3.jar;C:\Users\pc\.m2\repository\com\baomidou\mybatis-plus-spring-boot-autoconfigure\3.5.7\mybatis-plus-spring-boot-autoconfigure-3.5.7.jar;C:\Users\pc\.m2\repository\org\springframework\boot\spring-boot-autoconfigure\3.2.4\spring-boot-autoconfigure-3.2.4.jar;C:\Users\pc\.m2\repository\org\springframework\boot\spring-boot-starter-jdbc\3.2.4\spring-boot-starter-jdbc-3.2.4.jar;C:\Users\pc\.m2\repository\com\zaxxer\HikariCP\5.0.1\HikariCP-5.0.1.jar;C:\Users\pc\.m2\repository\org\springframework\spring-jdbc\6.1.5\spring-jdbc-6.1.5.jar;C:\Users\pc\.m2\repository\io\jsonwebtoken\jjwt-api\0.11.5\jjwt-api-0.11.5.jar;C:\Users\pc\.m2\repository\com\fasterxml\jackson\core\jackson-databind\2.15.4\jackson-databind-2.15.4.jar;C:\Users\pc\.m2\repository\com\fasterxml\jackson\core\jackson-annotations\2.15.4\jackson-annotations-2.15.4.jar;C:\Users\pc\.m2\repository\com\fasterxml\jackson\core\jackson-core\2.15.4\jackson-core-2.15.4.jar;C:\Users\pc\.m2\repository\org\springframework\boot\spring-boot-starter-oauth2-client\3.2.4\spring-boot-starter-oauth2-client-3.2.4.jar;C:\Users\pc\.m2\repository\org\springframework\security\spring-security-core\6.2.3\spring-security-core-6.2.3.jar;C:\Users\pc\.m2\repository\org\springframework\security\spring-security-crypto\6.2.3\spring-security-crypto-6.2.3.jar;C:\Users\pc\.m2\repository\org\springframework\security\spring-security-oauth2-client\6.2.3\spring-security-oauth2-client-6.2.3.jar;C:\Users\pc\.m2\repository\org\springframework\security\spring-security-oauth2-core\6.2.3\spring-security-oauth2-core-6.2.3.jar;C:\Users\pc\.m2\repository\com\nimbusds\oauth2-oidc-sdk\9.43.3\oauth2-oidc-sdk-9.43.3.jar;C:\Users\pc\.m2\repository\com\github\stephenc\jcip\jcip-annotations\1.0-1\jcip-annotations-1.0-1.jar;C:\Users\pc\.m2\repository\com\nimbusds\content-type\2.2\content-type-2.2.jar;C:\Users\pc\.m2\repository\com\nimbusds\lang-tag\1.7\lang-tag-1.7.jar;C:\Users\pc\.m2\repository\org\springframework\security\spring-security-oauth2-jose\6.2.3\spring-security-oauth2-jose-6.2.3.jar;C:\Users\pc\.m2\repository\com\nimbusds\nimbus-jose-jwt\9.24.4\nimbus-jose-jwt-9.24.4.jar;C:\Users\pc\.m2\repository\org\springframework\boot\spring-boot-starter-oauth2-authorization-server\3.2.4\spring-boot-starter-oauth2-authorization-server-3.2.4.jar;C:\Users\pc\.m2\repository\org\springframework\security\spring-security-oauth2-authorization-server\1.2.3\spring-security-oauth2-authorization-server-1.2.3.jar;C:\Users\pc\.m2\repository\org\springframework\security\spring-security-oauth2-resource-server\6.2.3\spring-security-oauth2-resource-server-6.2.3.jar;C:\Users\pc\.m2\repository\org\springframework\ai\spring-ai-starter-model-ollama\1.0.2\spring-ai-starter-model-ollama-1.0.2.jar;C:\Users\pc\.m2\repository\org\springframework\ai\spring-ai-autoconfigure-model-ollama\1.0.2\spring-ai-autoconfigure-model-ollama-1.0.2.jar;C:\Users\pc\.m2\repository\org\springframework\ai\spring-ai-autoconfigure-retry\1.0.2\spring-ai-autoconfigure-retry-1.0.2.jar;C:\Users\pc\.m2\repository\org\springframework\ai\spring-ai-autoconfigure-model-tool\1.0.2\spring-ai-autoconfigure-model-tool-1.0.2.jar;C:\Users\pc\.m2\repository\org\springframework\ai\spring-ai-autoconfigure-model-chat-observation\1.0.2\spring-ai-autoconfigure-model-chat-observation-1.0.2.jar;C:\Users\pc\.m2\repository\org\springframework\ai\spring-ai-autoconfigure-model-embedding-observation\1.0.2\spring-ai-autoconfigure-model-embedding-observation-1.0.2.jar;C:\Users\pc\.m2\repository\org\springframework\ai\spring-ai-ollama\1.0.2\spring-ai-ollama-1.0.2.jar;C:\Users\pc\.m2\repository\org\springframework\ai\spring-ai-model\1.0.2\spring-ai-model-1.0.2.jar;C:\Users\pc\.m2\repository\org\springframework\ai\spring-ai-commons\1.0.2\spring-ai-commons-1.0.2.jar;C:\Users\pc\.m2\repository\io\micrometer\context-propagation\1.1.3\context-propagation-1.1.3.jar;C:\Users\pc\.m2\repository\org\springframework\ai\spring-ai-template-st\1.0.2\spring-ai-template-st-1.0.2.jar;C:\Users\pc\.m2\repository\org\antlr\ST4\4.3.4\ST4-4.3.4.jar;C:\Users\pc\.m2\repository\org\antlr\antlr-runtime\3.5.3\antlr-runtime-3.5.3.jar;C:\Users\pc\.m2\repository\org\springframework\spring-messaging\6.1.5\spring-messaging-6.1.5.jar;C:\Users\pc\.m2\repository\org\antlr\antlr4-runtime\4.13.1\antlr4-runtime-4.13.1.jar;C:\Users\pc\.m2\repository\com\github\victools\jsonschema-generator\4.37.0\jsonschema-generator-4.37.0.jar;C:\Users\pc\.m2\repository\com\github\victools\jsonschema-module-jackson\4.37.0\jsonschema-module-jackson-4.37.0.jar;C:\Users\pc\.m2\repository\com\github\victools\jsonschema-module-swagger-2\4.37.0\jsonschema-module-swagger-2-4.37.0.jar;C:\Users\pc\.m2\repository\io\swagger\core\v3\swagger-annotations-jakarta\2.2.30\swagger-annotations-jakarta-2.2.30.jar;C:\Users\pc\.m2\repository\org\springframework\ai\spring-ai-retry\1.0.2\spring-ai-retry-1.0.2.jar;C:\Users\pc\.m2\repository\org\springframework\retry\spring-retry\2.0.5\spring-retry-2.0.5.jar;C:\Users\pc\.m2\repository\org\springframework\ai\spring-ai-autoconfigure-model-chat-client\1.0.2\spring-ai-autoconfigure-model-chat-client-1.0.2.jar;C:\Users\pc\.m2\repository\org\springframework\ai\spring-ai-client-chat\1.0.2\spring-ai-client-chat-1.0.2.jar;C:\Users\pc\.m2\repository\com\fasterxml\jackson\module\jackson-module-jsonSchema\2.15.4\jackson-module-jsonSchema-2.15.4.jar;C:\Users\pc\.m2\repository\javax\validation\validation-api\1.1.0.Final\validation-api-1.1.0.Final.jar;C:\Users\pc\.m2\repository\com\knuddels\jtokkit\1.1.0\jtokkit-1.1.0.jar;C:\Users\pc\.m2\repository\org\springframework\ai\spring-ai-autoconfigure-model-chat-memory\1.0.2\spring-ai-autoconfigure-model-chat-memory-1.0.2.jar;C:\Users\pc\.m2\repository\org\projectlombok\lombok\1.18.30\lombok-1.18.30.jar;C:\Users\pc\.m2\repository\cn\hutool\hutool-all\5.8.25\hutool-all-5.8.25.jar;C:\Users\pc\.m2\repository\net\minidev\json-smart\2.5.0\json-smart-2.5.0.jar;C:\Users\pc\.m2\repository\net\minidev\accessors-smart\2.5.0\accessors-smart-2.5.0.jar;C:\Users\pc\.m2\repository\org\ow2\asm\asm\9.3\asm-9.3.jar;C:\Users\pc\.m2\repository\org\springframework\spring-core\6.1.5\spring-core-6.1.5.jar;C:\Users\pc\.m2\repository\org\springframework\spring-jcl\6.1.5\spring-jcl-6.1.5.jar; -sourcepath C:\Users\pc\Desktop\vue\login-oauth2\src\main\java;C:\Users\pc\Desktop\vue\login-oauth2\target\generated-sources\annotations; -s C:\Users\pc\Desktop\vue\login-oauth2\target\generated-sources\annotations -g -parameters --release 17 -encoding UTF-8
[DEBUG] incrementalBuildHelper#beforeRebuildExecution
[INFO] Compiling 164 source files with javac [debug release 17] to target\classes
[DEBUG] incrementalBuildHelper#afterRebuildExecution
[INFO] ��������·���з�����һ����������������������
  ��ע�����δ�����а�� javac ���ܻ������ע�����
  �������ٰ�����ָ����һ��������� (-processor)��
  ��ָ��������·�� (--processor-path, --processor-module-path)��
  ����ʽ��������ע���� (-proc:only, -proc:full)��
  ��ʹ�� -Xlint:-options ���ش���Ϣ��
  ��ʹ�� -proc:none ������ע�����
[INFO] -------------------------------------------------------------
[ERROR] COMPILATION ERROR : 
[INFO] -------------------------------------------------------------
[ERROR] /C:/Users/pc/Desktop/vue/login-oauth2/src/main/java/com/system/login/config/MybatisPlusConfig.java:[16,24] �����javax.annotation������
[ERROR] /C:/Users/pc/Desktop/vue/login-oauth2/src/main/java/com/system/login/config/MybatisPlusConfig.java:[36,13] �Ҳ�������
  ����:   �� TenantService
  λ��: �� com.system.login.config.MybatisPlusConfig
[INFO] 2 errors 
[INFO] -------------------------------------------------------------
[INFO] ------------------------------------------------------------------------
[INFO] BUILD FAILURE
[INFO] ------------------------------------------------------------------------
[INFO] Total time:  3.176 s
[INFO] Finished at: 2025-12-01T17:10:58+08:00
[INFO] ------------------------------------------------------------------------
[ERROR] Failed to execute goal org.apache.maven.plugins:maven-compiler-plugin:3.11.0:compile (default-compile) on project system-b: Compilation failure: Compilation failure: 
[ERROR] /C:/Users/pc/Desktop/vue/login-oauth2/src/main/java/com/system/login/config/MybatisPlusConfig.java:[16,24] �����javax.annotation������
[ERROR] /C:/Users/pc/Desktop/vue/login-oauth2/src/main/java/com/system/login/config/MybatisPlusConfig.java:[36,13] �Ҳ�������
[ERROR]   ����:   �� TenantService
[ERROR]   λ��: �� com.system.login.config.MybatisPlusConfig
[ERROR] -> [Help 1]
org.apache.maven.lifecycle.LifecycleExecutionException: Failed to execute goal org.apache.maven.plugins:maven-compiler-plugin:3.11.0:compile (default-compile) on project system-b: Compilation failure
    at org.apache.maven.lifecycle.internal.MojoExecutor.doExecute2 (MojoExecutor.java:333)
    at org.apache.maven.lifecycle.internal.MojoExecutor.doExecute (MojoExecutor.java:316)
    at org.apache.maven.lifecycle.internal.MojoExecutor.execute (MojoExecutor.java:212)
    at org.apache.maven.lifecycle.internal.MojoExecutor.execute (MojoExecutor.java:174)
    at org.apache.maven.lifecycle.internal.MojoExecutor.access$000 (MojoExecutor.java:75)
    at org.apache.maven.lifecycle.internal.MojoExecutor$1.run (MojoExecutor.java:162)
    at org.apache.maven.plugin.DefaultMojosExecutionStrategy.execute (DefaultMojosExecutionStrategy.java:39)
    at org.apache.maven.lifecycle.internal.MojoExecutor.execute (MojoExecutor.java:159)
    at org.apache.maven.lifecycle.internal.LifecycleModuleBuilder.buildProject (LifecycleModuleBuilder.java:105)
    at org.apache.maven.lifecycle.internal.LifecycleModuleBuilder.buildProject (LifecycleModuleBuilder.java:73)
    at org.apache.maven.lifecycle.internal.builder.singlethreaded.SingleThreadedBuilder.build (SingleThreadedBuilder.java:53)
    at org.apache.maven.lifecycle.internal.LifecycleStarter.execute (LifecycleStarter.java:118)
    at org.apache.maven.DefaultMaven.doExecute (DefaultMaven.java:261)
    at org.apache.maven.DefaultMaven.doExecute (DefaultMaven.java:173)
    at org.apache.maven.DefaultMaven.execute (DefaultMaven.java:101)
    at org.apache.maven.cli.MavenCli.execute (MavenCli.java:906)
    at org.apache.maven.cli.MavenCli.doMain (MavenCli.java:283)
    at org.apache.maven.cli.MavenCli.main (MavenCli.java:206)
    at jdk.internal.reflect.DirectMethodHandleAccessor.invoke (DirectMethodHandleAccessor.java:103)
    at java.lang.reflect.Method.invoke (Method.java:580)
    at org.codehaus.plexus.classworlds.launcher.Launcher.launchEnhanced (Launcher.java:255)
    at org.codehaus.plexus.classworlds.launcher.Launcher.launch (Launcher.java:201)
    at org.codehaus.plexus.classworlds.launcher.Launcher.mainWithExitCode (Launcher.java:361)
    at org.codehaus.plexus.classworlds.launcher.Launcher.main (Launcher.java:314)
Caused by: org.apache.maven.plugin.compiler.CompilationFailureException: Compilation failure
    at org.apache.maven.plugin.compiler.AbstractCompilerMojo.execute (AbstractCompilerMojo.java:1212)
    at org.apache.maven.plugin.compiler.CompilerMojo.execute (CompilerMojo.java:193)
    at org.apache.maven.plugin.DefaultBuildPluginManager.executeMojo (DefaultBuildPluginManager.java:126)
    at org.apache.maven.lifecycle.internal.MojoExecutor.doExecute2 (MojoExecutor.java:328)
    at org.apache.maven.lifecycle.internal.MojoExecutor.doExecute (MojoExecutor.java:316)
    at org.apache.maven.lifecycle.internal.MojoExecutor.execute (MojoExecutor.java:212)
    at org.apache.maven.lifecycle.internal.MojoExecutor.execute (MojoExecutor.java:174)
    at org.apache.maven.lifecycle.internal.MojoExecutor.access$000 (MojoExecutor.java:75)
    at org.apache.maven.lifecycle.internal.MojoExecutor$1.run (MojoExecutor.java:162)
    at org.apache.maven.plugin.DefaultMojosExecutionStrategy.execute (DefaultMojosExecutionStrategy.java:39)
    at org.apache.maven.lifecycle.internal.MojoExecutor.execute (MojoExecutor.java:159)
    at org.apache.maven.lifecycle.internal.LifecycleModuleBuilder.buildProject (LifecycleModuleBuilder.java:105)
    at org.apache.maven.lifecycle.internal.LifecycleModuleBuilder.buildProject (LifecycleModuleBuilder.java:73)
    at org.apache.maven.lifecycle.internal.builder.singlethreaded.SingleThreadedBuilder.build (SingleThreadedBuilder.java:53)
    at org.apache.maven.lifecycle.internal.LifecycleStarter.execute (LifecycleStarter.java:118)
    at org.apache.maven.DefaultMaven.doExecute (DefaultMaven.java:261)
    at org.apache.maven.DefaultMaven.doExecute (DefaultMaven.java:173)
    at org.apache.maven.DefaultMaven.execute (DefaultMaven.java:101)
    at org.apache.maven.cli.MavenCli.execute (MavenCli.java:906)
    at org.apache.maven.cli.MavenCli.doMain (MavenCli.java:283)
    at org.apache.maven.cli.MavenCli.main (MavenCli.java:206)
    at jdk.internal.reflect.DirectMethodHandleAccessor.invoke (DirectMethodHandleAccessor.java:103)
    at java.lang.reflect.Method.invoke (Method.java:580)
    at org.codehaus.plexus.classworlds.launcher.Launcher.launchEnhanced (Launcher.java:255)
    at org.codehaus.plexus.classworlds.launcher.Launcher.launch (Launcher.java:201)
    at org.codehaus.plexus.classworlds.launcher.Launcher.mainWithExitCode (Launcher.java:361)
    at org.codehaus.plexus.classworlds.launcher.Launcher.main (Launcher.java:314)
[ERROR] 
[ERROR] 
[ERROR] For more information about the errors and possible solutions, please read the following articles:
[ERROR] [Help 1] http://cwiki.apache.org/confluence/display/MAVEN/MojoFailureException
[DEBUG] Shutting down adapter factory; available factories [file-lock, rwlock-local, semaphore-local, noop]; available name mappers [discriminating, file-gav, file-hgav, file-static, gav, static]
[DEBUG] Shutting down 'file-lock' factory
[DEBUG] Shutting down 'rwlock-local' factory
[DEBUG] Shutting down 'semaphore-local' factory
[DEBUG] Shutting down 'noop' factory
